Archive member included to satisfy reference by file (symbol)

/Applications/STM32CubeIDE.app/Contents/Eclipse/plugins/com.st.stm32cube.ide.mcu.externaltools.gnu-tools-for-stm32.13.3.rel1.macos64_1.0.0.202411102158/tools/bin/../lib/gcc/arm-none-eabi/13.3.1/../../../../arm-none-eabi/lib/thumb/v7e-m+fp/hard/libc_nano.a(libc_a-atof.o)
                              ./Core/Src/main.o (atof)
/Applications/STM32CubeIDE.app/Contents/Eclipse/plugins/com.st.stm32cube.ide.mcu.externaltools.gnu-tools-for-stm32.13.3.rel1.macos64_1.0.0.202411102158/tools/bin/../lib/gcc/arm-none-eabi/13.3.1/../../../../arm-none-eabi/lib/thumb/v7e-m+fp/hard/libc_nano.a(libc_a-exit.o)
                              /Applications/STM32CubeIDE.app/Contents/Eclipse/plugins/com.st.stm32cube.ide.mcu.externaltools.gnu-tools-for-stm32.13.3.rel1.macos64_1.0.0.202411102158/tools/bin/../lib/gcc/arm-none-eabi/13.3.1/../../../../arm-none-eabi/lib/thumb/v7e-m+fp/hard/crt0.o (exit)
/Applications/STM32CubeIDE.app/Contents/Eclipse/plugins/com.st.stm32cube.ide.mcu.externaltools.gnu-tools-for-stm32.13.3.rel1.macos64_1.0.0.202411102158/tools/bin/../lib/gcc/arm-none-eabi/13.3.1/../../../../arm-none-eabi/lib/thumb/v7e-m+fp/hard/libc_nano.a(libc_a-sprintf.o)
                              ./Core/Src/main.o (sprintf)
/Applications/STM32CubeIDE.app/Contents/Eclipse/plugins/com.st.stm32cube.ide.mcu.externaltools.gnu-tools-for-stm32.13.3.rel1.macos64_1.0.0.202411102158/tools/bin/../lib/gcc/arm-none-eabi/13.3.1/../../../../arm-none-eabi/lib/thumb/v7e-m+fp/hard/libc_nano.a(libc_a-findfp.o)
                              /Applications/STM32CubeIDE.app/Contents/Eclipse/plugins/com.st.stm32cube.ide.mcu.externaltools.gnu-tools-for-stm32.13.3.rel1.macos64_1.0.0.202411102158/tools/bin/../lib/gcc/arm-none-eabi/13.3.1/../../../../arm-none-eabi/lib/thumb/v7e-m+fp/hard/libc_nano.a(libc_a-exit.o) (__stdio_exit_handler)
/Applications/STM32CubeIDE.app/Contents/Eclipse/plugins/com.st.stm32cube.ide.mcu.externaltools.gnu-tools-for-stm32.13.3.rel1.macos64_1.0.0.202411102158/tools/bin/../lib/gcc/arm-none-eabi/13.3.1/../../../../arm-none-eabi/lib/thumb/v7e-m+fp/hard/libc_nano.a(libc_a-strtod.o)
                              /Applications/STM32CubeIDE.app/Contents/Eclipse/plugins/com.st.stm32cube.ide.mcu.externaltools.gnu-tools-for-stm32.13.3.rel1.macos64_1.0.0.202411102158/tools/bin/../lib/gcc/arm-none-eabi/13.3.1/../../../../arm-none-eabi/lib/thumb/v7e-m+fp/hard/libc_nano.a(libc_a-atof.o) (strtod)
/Applications/STM32CubeIDE.app/Contents/Eclipse/plugins/com.st.stm32cube.ide.mcu.externaltools.gnu-tools-for-stm32.13.3.rel1.macos64_1.0.0.202411102158/tools/bin/../lib/gcc/arm-none-eabi/13.3.1/../../../../arm-none-eabi/lib/thumb/v7e-m+fp/hard/libc_nano.a(libc_a-fwalk.o)
                              /Applications/STM32CubeIDE.app/Contents/Eclipse/plugins/com.st.stm32cube.ide.mcu.externaltools.gnu-tools-for-stm32.13.3.rel1.macos64_1.0.0.202411102158/tools/bin/../lib/gcc/arm-none-eabi/13.3.1/../../../../arm-none-eabi/lib/thumb/v7e-m+fp/hard/libc_nano.a(libc_a-findfp.o) (_fwalk_sglue)
/Applications/STM32CubeIDE.app/Contents/Eclipse/plugins/com.st.stm32cube.ide.mcu.externaltools.gnu-tools-for-stm32.13.3.rel1.macos64_1.0.0.202411102158/tools/bin/../lib/gcc/arm-none-eabi/13.3.1/../../../../arm-none-eabi/lib/thumb/v7e-m+fp/hard/libc_nano.a(libc_a-memset.o)
                              /Applications/STM32CubeIDE.app/Contents/Eclipse/plugins/com.st.stm32cube.ide.mcu.externaltools.gnu-tools-for-stm32.13.3.rel1.macos64_1.0.0.202411102158/tools/bin/../lib/gcc/arm-none-eabi/13.3.1/../../../../arm-none-eabi/lib/thumb/v7e-m+fp/hard/crt0.o (memset)
/Applications/STM32CubeIDE.app/Contents/Eclipse/plugins/com.st.stm32cube.ide.mcu.externaltools.gnu-tools-for-stm32.13.3.rel1.macos64_1.0.0.202411102158/tools/bin/../lib/gcc/arm-none-eabi/13.3.1/../../../../arm-none-eabi/lib/thumb/v7e-m+fp/hard/libc_nano.a(libc_a-strncmp.o)
                              /Applications/STM32CubeIDE.app/Contents/Eclipse/plugins/com.st.stm32cube.ide.mcu.externaltools.gnu-tools-for-stm32.13.3.rel1.macos64_1.0.0.202411102158/tools/bin/../lib/gcc/arm-none-eabi/13.3.1/../../../../arm-none-eabi/lib/thumb/v7e-m+fp/hard/libc_nano.a(libc_a-strtod.o) (strncmp)
/Applications/STM32CubeIDE.app/Contents/Eclipse/plugins/com.st.stm32cube.ide.mcu.externaltools.gnu-tools-for-stm32.13.3.rel1.macos64_1.0.0.202411102158/tools/bin/../lib/gcc/arm-none-eabi/13.3.1/../../../../arm-none-eabi/lib/thumb/v7e-m+fp/hard/libc_nano.a(libc_a-errno.o)
                              ./Core/Src/syscalls.o (__errno)
/Applications/STM32CubeIDE.app/Contents/Eclipse/plugins/com.st.stm32cube.ide.mcu.externaltools.gnu-tools-for-stm32.13.3.rel1.macos64_1.0.0.202411102158/tools/bin/../lib/gcc/arm-none-eabi/13.3.1/../../../../arm-none-eabi/lib/thumb/v7e-m+fp/hard/libc_nano.a(libc_a-init.o)
[...]
Memory Configuration

Name             Origin             Length             Attributes
RAM              0x20000000         0x00020000         xrw
FLASH            0x08000000         0x00080000         xr
*default*        0x00000000         0xffffffff

Linker script and memory map

LOAD /Applications/STM32CubeIDE.app/Contents/Eclipse/plugins/com.st.stm32cube.ide.mcu.externaltools.gnu-tools-for-stm32.13.3.rel1.macos64_1.0.0.202411102158/tools/bin/../lib/gcc/arm-none-eabi/13.3.1/thumb/v7e-m+fp/hard/crti.o
LOAD /Applications/STM32CubeIDE.app/Contents/Eclipse/plugins/com.st.stm32cube.ide.mcu.externaltools.gnu-tools-for-stm32.13.3.rel1.macos64_1.0.0.202411102158/tools/bin/../lib/gcc/arm-none-eabi/13.3.1/thumb/v7e-m+fp/hard/crtbegin.o
LOAD /Applications/STM32CubeIDE.app/Contents/Eclipse/plugins/com.st.stm32cube.ide.mcu.externaltools.gnu-tools-for-stm32.13.3.rel1.macos64_1.0.0.202411102158/tools/bin/../lib/gcc/arm-none-eabi/13.3.1/../../../../arm-none-eabi/lib/thumb/v7e-m+fp/hard/crt0.o
LOAD ./Core/Src/main.o
LOAD ./Core/Src/stm32f4xx_hal_msp.o
LOAD ./Core/Src/stm32f4xx_it.o
LOAD ./Core/Src/syscalls.o
LOAD ./Core/Src/sysmem.o
LOAD ./Core/Src/system_stm32f4xx.o
LOAD ./Core/Startup/startup_stm32f411ceux.o
LOAD ./Drivers/STM32F4xx_HAL_Driver/Src/stm32f4xx_hal.o
LOAD ./Drivers/STM32F4xx_HAL_Driver/Src/stm32f4xx_hal_adc.o
LOAD ./Drivers/STM32F4xx_HAL_Driver/Src/stm32f4xx_hal_adc_ex.o
LOAD ./Drivers/STM32F4xx_HAL_Driver/Src/stm32f4xx_hal_cortex.o
LOAD ./Drivers/STM32F4xx_HAL_Driver/Src/stm32f4xx_hal_dma.o
LOAD ./Drivers/STM32F4xx_HAL_Driver/Src/stm32f4xx_hal_dma_ex.o
LOAD ./Drivers/STM32F4xx_HAL_Driver/Src/stm32f4xx_hal_exti.o
LOAD ./Drivers/STM32F4xx_HAL_Driver/Src/stm32f4xx_hal_flash.o
LOAD ./Drivers/STM32F4xx_HAL_Driver/Src/stm32f4xx_hal_flash_ex.o
LOAD ./Drivers/STM32F4xx_HAL_Driver/Src/stm32f4xx_hal_flash_ramfunc.o
LOAD ./Drivers/STM32F4xx_HAL_Driver/Src/stm32f4xx_hal_gpio.o
LOAD ./Drivers/STM32F4xx_HAL_Driver/Src/stm32f4xx_hal_pwr.o
LOAD ./Drivers/STM32F4xx_HAL_Driver/Src/stm32f4xx_hal_pwr_ex.o
LOAD ./Drivers/STM32F4xx_HAL_Driver/Src/stm32f4xx_hal_rcc.o
LOAD ./Drivers/STM32F4xx_HAL_Driver/Src/stm32f4xx_hal_rcc_ex.o
LOAD ./Drivers/STM32F4xx_HAL_Driver/Src/stm32f4xx_hal_tim.o
LOAD ./Drivers/STM32F4xx_HAL_Driver/Src/stm32f4xx_hal_tim_ex.o
LOAD ./Drivers/STM32F4xx_HAL_Driver/Src/stm32f4xx_hal_uart.o
LOAD ./Drivers/STM32F4xx_HAL_Driver/Src/stm32f4xx_ll_adc.o
START GROUP
LOAD /Applications/STM32CubeIDE.app/Contents/Eclipse/plugins/com.st.stm32cube.ide.mcu.externaltools.gnu-tools-for-stm32.13.3.rel1.macos64_1.0.0.202411102158/tools/bin/../lib/gcc/arm-none-eabi/13.3.1/../../../../arm-none-eabi/lib/thumb/v7e-m+fp/hard/libc_nano.a
LOAD /Applications/STM32CubeIDE.app/Contents/Eclipse/plugins/com.st.stm32cube.ide.mcu.externaltools.gnu-tools-for-stm32.13.3.rel1.macos64_1.0.0.202411102158/tools/bin/../lib/gcc/arm-none-eabi/13.3.1/../../../../arm-none-eabi/lib/thumb/v7e-m+fp/hard/libm.a
END GROUP
START GROUP
LOAD /Applications/STM32CubeIDE.app/Contents/Eclipse/plugins/com.st.stm32cube.ide.mcu.externaltools.gnu-tools-for-stm32.13.3.rel1.macos64_1.0.0.202411102158/tools/bin/../lib/gcc/arm-none-eabi/13.3.1/thumb/v7e-m+fp/hard/libgcc.a
LOAD /Applications/STM32CubeIDE.app/Contents/Eclipse/plugins/com.st.stm32cube.ide.mcu.externaltools.gnu-tools-for-stm32.13.3.rel1.macos64_1.0.0.202411102158/tools/bin/../lib/gcc/arm-none-eabi/13.3.1/../../../../arm-none-eabi/lib/thumb/v7e-m+fp/hard/libc_nano.a
END GROUP
START GROUP
LOAD /Applications/STM32CubeIDE.app/Contents/Eclipse/plugins/com.st.stm32cube.ide.mcu.externaltools.gnu-tools-for-stm32.13.3.rel1.macos64_1.0.0.202411102158/tools/bin/../lib/gcc/arm-none-eabi/13.3.1/thumb/v7e-m+fp/hard/libgcc.a
LOAD /Applications/STM32CubeIDE.app/Contents/Eclipse/plugins/com.st.stm32cube.ide.mcu.externaltools.gnu-tools-for-stm32.13.3.rel1.macos64_1.0.0.202411102158/tools/bin/../lib/gcc/arm-none-eabi/13.3.1/../../../../arm-none-eabi/lib/thumb/v7e-m+fp/hard/libc_nano.a
LOAD /Applications/STM32CubeIDE.app/Contents/Eclipse/plugins/com.st.stm32cube.ide.mcu.externaltools.gnu-tools-for-stm32.13.3.rel1.macos64_1.0.0.202411102158/tools/bin/../lib/gcc/arm-none-eabi/13.3.1/../../../../arm-none-eabi/lib/thumb/v7e-m+fp/hard/libnosys.a
END GROUP
START GROUP
LOAD /Applications/STM32CubeIDE.app/Contents/Eclipse/plugins/com.st.stm32cube.ide.mcu.externaltools.gnu-tools-for-stm32.13.3.rel1.macos64_1.0.0.202411102158/tools/bin/../lib/gcc/arm-none-eabi/13.3.1/thumb/v7e-m+fp/hard/libgcc.a
LOAD /Applications/STM32CubeIDE.app/Contents/Eclipse/plugins/com.st.stm32cube.ide.mcu.externaltools.gnu-tools-for-stm32.13.3.rel1.macos64_1.0.0.202411102158/tools/bin/../lib/gcc/arm-none-eabi/13.3.1/../../../../arm-none-eabi/lib/thumb/v7e-m+fp/hard/libc_nano.a
LOAD /Applications/STM32CubeIDE.app/Contents/Eclipse/plugins/com.st.stm32cube.ide.mcu.externaltools.gnu-tools-for-stm32.13.3.rel1.macos64_1.0.0.202411102158/tools/bin/../lib/gcc/arm-none-eabi/13.3.1/../../../../arm-none-eabi/lib/thumb/v7e-m+fp/hard/libnosys.a
END GROUP
LOAD /Applications/STM32CubeIDE.app/Contents/Eclipse/plugins/com.st.stm32cube.ide.mcu.externaltools.gnu-tools-for-stm32.13.3.rel1.macos64_1.0.0.202411102158/tools/bin/../lib/gcc/arm-none-eabi/13.3.1/thumb/v7e-m+fp/hard/crtend.o
LOAD /Applications/STM32CubeIDE.app/Contents/Eclipse/plugins/com.st.stm32cube.ide.mcu.externaltools.gnu-tools-for-stm32.13.3.rel1.macos64_1.0.0.202411102158/tools/bin/../lib/gcc/arm-none-eabi/13.3.1/thumb/v7e-m+fp/hard/crtn.o
                0x20020000                        _estack = (ORIGIN (RAM) + LENGTH (RAM))
                0x00000200                        _Min_Heap_Size = 0x200
                0x00000400                        _Min_Stack_Size = 0x400

.isr_vector     0x08000000      0x198
                0x08000000                        . = ALIGN (0x4)
 *(.isr_vector)
 .isr_vector    0x08000000      0x198 ./Core/Startup/startup_stm32f411ceux.o
                0x08000000                g_pfnVectors
                0x08000198                        . = ALIGN (0x4)

.text           0x080001a0     0x9d5c
                0x080001a0                        . = ALIGN (0x4)
 *(.text)
 .text          0x080001a0       0x40 /Applications/STM32CubeIDE.app/Contents/Eclipse/plugins/com.st.stm32cube.ide.mcu.externaltools.gnu-tools-for-stm32.13.3.rel1.macos64_1.0.0.202411102158/tools/bin/../lib/gcc/arm-none-eabi/13.3.1/thumb/v7e-m+fp/hard/crtbegin.o
 .text          0x080001e0       0x14 /Applications/STM32CubeIDE.app/Contents/Eclipse/plugins/com.st.stm32cube.ide.mcu.externaltools.gnu-tools-for-stm32.13.3.rel1.macos64_1.0.0.202411102158/tools/bin/../lib/gcc/arm-none-eabi/13.3.1/../../../../arm-none-eabi/lib/thumb/v7e-m+fp/hard/libc_nano.a(libc_a-strcmp.o)
                0x080001e0                strcmp
 .text          0x080001f4       0x10 /Applications/STM32CubeIDE.app/Contents/Eclipse/plugins/com.st.stm32cube.ide.mcu.externaltools.gnu-tools-for-stm32.13.3.rel1.macos64_1.0.0.202411102158/tools/bin/../lib/gcc/arm-none-eabi/13.3.1/../../../../arm-none-eabi/lib/thumb/v7e-m+fp/hard/libc_nano.a(libc_a-strlen.o)
                0x080001f4                strlen
 *fill*         0x08000204        0xc 
 .text          0x08000210       0xa0 /Applications/STM32CubeIDE.app/Contents/Eclipse/plugins/com.st.stm32cube.ide.mcu.externaltools.gnu-tools-for-stm32.13.3.rel1.macos64_1.0.0.202411102158/tools/bin/../lib/gcc/arm-none-eabi/13.3.1/../../../../arm-none-eabi/lib/thumb/v7e-m+fp/hard/libc_nano.a(libc_a-memchr.o)
                0x08000210                memchr
 .text          0x080002b0      0x378 /Applications/STM32CubeIDE.app/Contents/Eclipse/plugins/com.st.stm32cube.ide.mcu.externaltools.gnu-tools-for-stm32.13.3.rel1.macos64_1.0.0.202411102158/tools/bin/../lib/gcc/arm-none-eabi/13.3.1/thumb/v7e-m+fp/hard/libgcc.a(_arm_addsubdf3.o)
                0x080002b0                __aeabi_drsub
                0x080002b8                __subdf3
                0x080002b8                __aeabi_dsub
                0x080002bc                __aeabi_dadd
                0x080002bc                __adddf3
                0x08000534                __aeabi_ui2d
                0x08000534                __floatunsidf
                0x08000554                __floatsidf
                0x08000554                __aeabi_i2d
                0x08000578                __extendsfdf2
                0x08000578                __aeabi_f2d
                0x080005bc                __aeabi_ul2d
                0x080005bc                __floatundidf
                0x080005cc                __aeabi_l2d
                0x080005cc                __floatdidf
 .text          0x08000628      0x424 /Applications/STM32CubeIDE.app/Contents/Eclipse/plugins/com.st.stm32cube.ide.mcu.externaltools.gnu-tools-for-stm32.13.3.rel1.macos64_1.0.0.202411102158/tools/bin/../lib/gcc/arm-none-eabi/13.3.1/thumb/v7e-m+fp/hard/libgcc.a(_arm_muldivdf3.o)
                0x08000628                __aeabi_dmul
                0x08000628                __muldf3
                0x0800087c                __aeabi_ddiv
                0x0800087c                __divdf3
 .text          0x08000a4c      0x110 /Applications/STM32CubeIDE.app/Contents/Eclipse/plugins/com.st.stm32cube.ide.mcu.externaltools.gnu-tools-for-stm32.13.3.rel1.macos64_1.0.0.202411102158/tools/bin/../lib/gcc/arm-none-eabi/13.3.1/thumb/v7e-m+fp/hard/libgcc.a(_arm_cmpdf2.o)
                0x08000a4c                __gedf2
                0x08000a4c                __gtdf2
                0x08000a54                __ledf2
                0x08000a54                __ltdf2
                0x08000a5c                __cmpdf2
                0x08000a5c                __eqdf2
                0x08000a5c                __nedf2
                0x08000ad8                __aeabi_cdrcmple
                0x08000ae8                __aeabi_cdcmple
                0x08000ae8                __aeabi_cdcmpeq
                0x08000af8                __aeabi_dcmpeq
                0x08000b0c                __aeabi_dcmplt
                0x08000b20                __aeabi_dcmple
                0x08000b34                __aeabi_dcmpge
                0x08000b48                __aeabi_dcmpgt
 .text          0x08000b5c       0x50 /Applications/STM32CubeIDE.app/Contents/Eclipse/plugins/com.st.stm32cube.ide.mcu.externaltools.gnu-tools-for-stm32.13.3.rel1.macos64_1.0.0.202411102158/tools/bin/../lib/gcc/arm-none-eabi/13.3.1/thumb/v7e-m+fp/hard/libgcc.a(_arm_fixdfsi.o)
                0x08000b5c                __fixdfsi
                0x08000b5c                __aeabi_d2iz
 .text          0x08000bac       0x40 /Applications/STM32CubeIDE.app/Contents/Eclipse/plugins/com.st.stm32cube.ide.mcu.externaltools.gnu-tools-for-stm32.13.3.rel1.macos64_1.0.0.202411102158/tools/bin/../lib/gcc/arm-none-eabi/13.3.1/thumb/v7e-m+fp/hard/libgcc.a(_arm_fixunsdfsi.o)
                0x08000bac                __fixunsdfsi
                0x08000bac                __aeabi_d2uiz
 .text          0x08000bec       0xa0 /Applications/STM32CubeIDE.app/Contents/Eclipse/plugins/com.st.stm32cube.ide.mcu.externaltools.gnu-tools-for-stm32.13.3.rel1.macos64_1.0.0.202411102158/tools/bin/../lib/gcc/arm-none-eabi/13.3.1/thumb/v7e-m+fp/hard/libgcc.a(_arm_truncdfsf2.o)
                0x08000bec                __aeabi_d2f
                0x08000bec                __truncdfsf2
 .text          0x08000c8c       0x30 /Applications/STM32CubeIDE.app/Contents/Eclipse/plugins/com.st.stm32cube.ide.mcu.externaltools.gnu-tools-for-stm32.13.3.rel1.macos64_1.0.0.202411102158/tools/bin/../lib/gcc/arm-none-eabi/13.3.1/thumb/v7e-m+fp/hard/libgcc.a(_aeabi_uldivmod.o)
                0x08000c8c                __aeabi_uldivmod
 .text          0x08000cbc       0x30 /Applications/STM32CubeIDE.app/Contents/Eclipse/plugins/com.st.stm32cube.ide.mcu.externaltools.gnu-tools-for-stm32.13.3.rel1.macos64_1.0.0.202411102158/tools/bin/../lib/gcc/arm-none-eabi/13.3.1/thumb/v7e-m+fp/hard/libgcc.a(_fixdfdi.o)
                0x08000cbc                __aeabi_d2lz
                0x08000cbc                __fixdfdi
 .text          0x08000cec       0x3c /Applications/STM32CubeIDE.app/Contents/Eclipse/plugins/com.st.stm32cube.ide.mcu.externaltools.gnu-tools-for-stm32.13.3.rel1.macos64_1.0.0.202411102158/tools/bin/../lib/gcc/arm-none-eabi/13.3.1/thumb/v7e-m+fp/hard/libgcc.a(_fixunsdfdi.o)
                0x08000cec                __aeabi_d2ulz
                0x08000cec                __fixunsdfdi
 .text          0x08000d28      0x2f8 /Applications/STM32CubeIDE.app/Contents/Eclipse/plugins/com.st.stm32cube.ide.mcu.externaltools.gnu-tools-for-stm32.13.3.rel1.macos64_1.0.0.202411102158/tools/bin/../lib/gcc/arm-none-eabi/13.3.1/thumb/v7e-m+fp/hard/libgcc.a(_udivmoddi4.o)
                0x08000d28                __udivmoddi4
 .text          0x08001020        0x4 /Applications/STM32CubeIDE.app/Contents/Eclipse/plugins/com.st.stm32cube.ide.mcu.externaltools.gnu-tools-for-stm32.13.3.rel1.macos64_1.0.0.202411102158/tools/bin/../lib/gcc/arm-none-eabi/13.3.1/thumb/v7e-m+fp/hard/libgcc.a(_dvmd_tls.o)
                0x08001020                __aeabi_ldiv0
                0x08001020                __aeabi_idiv0
 *(.text*)
 .text.setMotorSpeed
                0x08001024       0x88 ./Core/Src/main.o
                0x08001024                setMotorSpeed
 .text.line_data
                0x080010ac       0x7c ./Core/Src/main.o
                0x080010ac                line_data
 .text.computePID
                0x08001128      0x184 ./Core/Src/main.o
                0x08001128                computePID
 .text.checkAndHandleTurn
                0x080012ac       0xec ./Core/Src/main.o
                0x080012ac                checkAndHandleTurn
 .text.callibrate
                0x08001398      0x108 ./Core/Src/main.o
                0x08001398                callibrate
 .text.setPIDParameter
                0x080014a0      0x1c8 ./Core/Src/main.o
                0x080014a0                setPIDParameter
 .text.HAL_UARTEx_RxEventCallback
                0x08001668      0x1ac ./Core/Src/main.o
                0x08001668                HAL_UARTEx_RxEventCallback
 .text.printSensorState
                0x08001814       0x94 ./Core/Src/main.o
                0x08001814                printSensorState
 .text.saveToFlash
                0x080018a8      0x104 ./Core/Src/main.o
                0x080018a8                saveToFlash
 .text.loadFromFlash
                0x080019ac       0xb4 ./Core/Src/main.o
                0x080019ac                loadFromFlash
 .text.main     0x08001a60      0x168 ./Core/Src/main.o
                0x08001a60                main
 .text.SystemClock_Config
                0x08001bc8       0xd0 ./Core/Src/main.o
                0x08001bc8                SystemClock_Config
 .text.MX_NVIC_Init
                0x08001c98       0x18 ./Core/Src/main.o
 .text.MX_ADC1_Init
                0x08001cb0      0x16c ./Core/Src/main.o
 .text.MX_TIM1_Init
                0x08001e1c      0x120 ./Core/Src/main.o
 .text.MX_TIM2_Init
                0x08001f3c       0xb0 ./Core/Src/main.o
 .text.MX_TIM3_Init
                0x08001fec       0xb4 ./Core/Src/main.o
 .text.MX_USART6_UART_Init
                0x080020a0       0x54 ./Core/Src/main.o
 .text.MX_DMA_Init
                0x080020f4       0x50 ./Core/Src/main.o
 .text.MX_GPIO_Init
                0x08002144       0xf0 ./Core/Src/main.o
 .text.Error_Handler
                0x08002234        0xc ./Core/Src/main.o
                0x08002234                Error_Handler
 .text.HAL_MspInit
                0x08002240       0x50 ./Core/Src/stm32f4xx_hal_msp.o
                0x08002240                HAL_MspInit
 .text.HAL_ADC_MspInit
                0x08002290       0xf0 ./Core/Src/stm32f4xx_hal_msp.o
                0x08002290                HAL_ADC_MspInit
 .text.HAL_TIM_PWM_MspInit
                0x08002380       0x98 ./Core/Src/stm32f4xx_hal_msp.o
                0x08002380                HAL_TIM_PWM_MspInit
 .text.HAL_TIM_MspPostInit
                0x08002418      0x110 ./Core/Src/stm32f4xx_hal_msp.o
                0x08002418                HAL_TIM_MspPostInit
 .text.HAL_UART_MspInit
                0x08002528      0x104 ./Core/Src/stm32f4xx_hal_msp.o
                0x08002528                HAL_UART_MspInit
 .text.NMI_Handler
                0x0800262c        0x8 ./Core/Src/stm32f4xx_it.o
                0x0800262c                NMI_Handler
 .text.HardFault_Handler
                0x08002634        0x8 ./Core/Src/stm32f4xx_it.o
                0x08002634                HardFault_Handler
 .text.MemManage_Handler
                0x0800263c        0x8 ./Core/Src/stm32f4xx_it.o
                0x0800263c                MemManage_Handler
 .text.BusFault_Handler
                0x08002644        0x8 ./Core/Src/stm32f4xx_it.o
                0x08002644                BusFault_Handler
 .text.UsageFault_Handler
                0x0800264c        0x8 ./Core/Src/stm32f4xx_it.o
                0x0800264c                UsageFault_Handler
 .text.SVC_Handler
                0x08002654        0xe ./Core/Src/stm32f4xx_it.o
                0x08002654                SVC_Handler
 .text.DebugMon_Handler
                0x08002662        0xe ./Core/Src/stm32f4xx_it.o
                0x08002662                DebugMon_Handler
 .text.PendSV_Handler
                0x08002670        0xe ./Core/Src/stm32f4xx_it.o
                0x08002670                PendSV_Handler
 .text.SysTick_Handler
                0x0800267e        0xc ./Core/Src/stm32f4xx_it.o
                0x0800267e                SysTick_Handler
 *fill*         0x0800268a        0x2 
 .text.ADC_IRQHandler
                0x0800268c       0x14 ./Core/Src/stm32f4xx_it.o
                0x0800268c                ADC_IRQHandler
 .text.DMA2_Stream0_IRQHandler
                0x080026a0       0x14 ./Core/Src/stm32f4xx_it.o
                0x080026a0                DMA2_Stream0_IRQHandler
 .text.DMA2_Stream1_IRQHandler
                0x080026b4       0x14 ./Core/Src/stm32f4xx_it.o
                0x080026b4                DMA2_Stream1_IRQHandler
 .text.USART6_IRQHandler
                0x080026c8       0x14 ./Core/Src/stm32f4xx_it.o
                0x080026c8                USART6_IRQHandler
 .text._getpid  0x080026dc       0x10 ./Core/Src/syscalls.o
                0x080026dc                _getpid
 .text._kill    0x080026ec       0x20 ./Core/Src/syscalls.o
                0x080026ec                _kill
 .text._exit    0x0800270c       0x16 ./Core/Src/syscalls.o
                0x0800270c                _exit
 .text._read    0x08002722       0x3a ./Core/Src/syscalls.o
                0x08002722                _read
 .text._write   0x0800275c       0x38 ./Core/Src/syscalls.o
                0x0800275c                _write
 .text._close   0x08002794       0x18 ./Core/Src/syscalls.o
                0x08002794                _close
 .text._fstat   0x080027ac       0x20 ./Core/Src/syscalls.o
                0x080027ac                _fstat
 .text._isatty  0x080027cc       0x16 ./Core/Src/syscalls.o
                0x080027cc                _isatty
 .text._lseek   0x080027e2       0x1a ./Core/Src/syscalls.o
                0x080027e2                _lseek
 .text._sbrk    0x080027fc       0x6c ./Core/Src/sysmem.o
                0x080027fc                _sbrk
 .text.SystemInit
                0x08002868       0x24 ./Core/Src/system_stm32f4xx.o
                0x08002868                SystemInit
 .text.Reset_Handler
                0x0800288c       0x50 ./Core/Startup/startup_stm32f411ceux.o
                0x0800288c                Reset_Handler
 .text.Default_Handler
                0x080028dc        0x2 ./Core/Startup/startup_stm32f411ceux.o
                0x080028dc                DMA1_Stream3_IRQHandler
                0x080028dc                EXTI2_IRQHandler
                0x080028dc                SPI4_IRQHandler
                0x080028dc                TIM1_CC_IRQHandler
                0x080028dc                DMA2_Stream5_IRQHandler
                0x080028dc                DMA1_Stream5_IRQHandler
                0x080028dc                PVD_IRQHandler
                0x080028dc                SDIO_IRQHandler
                0x080028dc                TAMP_STAMP_IRQHandler
                0x080028dc                EXTI3_IRQHandler
                0x080028dc                TIM1_UP_TIM10_IRQHandler
                0x080028dc                I2C3_ER_IRQHandler
                0x080028dc                EXTI0_IRQHandler
                0x080028dc                I2C2_EV_IRQHandler
                0x080028dc                DMA1_Stream2_IRQHandler
                0x080028dc                FPU_IRQHandler
                0x080028dc                DMA2_Stream2_IRQHandler
                0x080028dc                SPI1_IRQHandler
                0x080028dc                TIM1_BRK_TIM9_IRQHandler
                0x080028dc                DMA2_Stream3_IRQHandler
                0x080028dc                TIM4_IRQHandler
                0x080028dc                I2C1_EV_IRQHandler
                0x080028dc                DMA1_Stream6_IRQHandler
                0x080028dc                DMA1_Stream1_IRQHandler
                0x080028dc                TIM3_IRQHandler
                0x080028dc                RCC_IRQHandler
                0x080028dc                Default_Handler
                0x080028dc                EXTI15_10_IRQHandler
                0x080028dc                DMA1_Stream7_IRQHandler
                0x080028dc                SPI5_IRQHandler
                0x080028dc                TIM5_IRQHandler
                0x080028dc                DMA2_Stream7_IRQHandler
                0x080028dc                I2C3_EV_IRQHandler
                0x080028dc                EXTI9_5_IRQHandler
                0x080028dc                RTC_WKUP_IRQHandler
                0x080028dc                SPI2_IRQHandler
                0x080028dc                DMA1_Stream0_IRQHandler
                0x080028dc                EXTI4_IRQHandler
                0x080028dc                WWDG_IRQHandler
                0x080028dc                TIM2_IRQHandler
                0x080028dc                OTG_FS_WKUP_IRQHandler
                0x080028dc                TIM1_TRG_COM_TIM11_IRQHandler
                0x080028dc                EXTI1_IRQHandler
                0x080028dc                USART2_IRQHandler
                0x080028dc                I2C2_ER_IRQHandler
                0x080028dc                FLASH_IRQHandler
                0x080028dc                DMA2_Stream4_IRQHandler
                0x080028dc                USART1_IRQHandler
                0x080028dc                OTG_FS_IRQHandler
                0x080028dc                SPI3_IRQHandler
                0x080028dc                DMA1_Stream4_IRQHandler
                0x080028dc                I2C1_ER_IRQHandler
                0x080028dc                DMA2_Stream6_IRQHandler
                0x080028dc                RTC_Alarm_IRQHandler
 *fill*         0x080028de        0x2 
 .text.HAL_Init
                0x080028e0       0x44 ./Drivers/STM32F4xx_HAL_Driver/Src/stm32f4xx_hal.o
                0x080028e0                HAL_Init
 .text.HAL_InitTick
                0x08002924       0x60 ./Drivers/STM32F4xx_HAL_Driver/Src/stm32f4xx_hal.o
                0x08002924                HAL_InitTick
 .text.HAL_IncTick
                0x08002984       0x28 ./Drivers/STM32F4xx_HAL_Driver/Src/stm32f4xx_hal.o
                0x08002984                HAL_IncTick
 .text.HAL_GetTick
                0x080029ac       0x18 ./Drivers/STM32F4xx_HAL_Driver/Src/stm32f4xx_hal.o
                0x080029ac                HAL_GetTick
 .text.HAL_Delay
                0x080029c4       0x48 ./Drivers/STM32F4xx_HAL_Driver/Src/stm32f4xx_hal.o
                0x080029c4                HAL_Delay
 .text.HAL_ADC_Init
                0x08002a0c       0x86 ./Drivers/STM32F4xx_HAL_Driver/Src/stm32f4xx_hal_adc.o
                0x08002a0c                HAL_ADC_Init
 *fill*         0x08002a92        0x2 
 .text.HAL_ADC_Start_IT
                0x08002a94      0x17c ./Drivers/STM32F4xx_HAL_Driver/Src/stm32f4xx_hal_adc.o
                0x08002a94                HAL_ADC_Start_IT
 .text.HAL_ADC_IRQHandler
                0x08002c10      0x220 ./Drivers/STM32F4xx_HAL_Driver/Src/stm32f4xx_hal_adc.o
                0x08002c10                HAL_ADC_IRQHandler
 .text.HAL_ADC_Start_DMA
                0x08002e30      0x1e0 ./Drivers/STM32F4xx_HAL_Driver/Src/stm32f4xx_hal_adc.o
                0x08002e30                HAL_ADC_Start_DMA
 .text.HAL_ADC_ConvCpltCallback
                0x08003010       0x14 ./Drivers/STM32F4xx_HAL_Driver/Src/stm32f4xx_hal_adc.o
                0x08003010                HAL_ADC_ConvCpltCallback
 .text.HAL_ADC_ConvHalfCpltCallback
                0x08003024       0x14 ./Drivers/STM32F4xx_HAL_Driver/Src/stm32f4xx_hal_adc.o
                0x08003024                HAL_ADC_ConvHalfCpltCallback
 .text.HAL_ADC_LevelOutOfWindowCallback
                0x08003038       0x14 ./Drivers/STM32F4xx_HAL_Driver/Src/stm32f4xx_hal_adc.o
                0x08003038                HAL_ADC_LevelOutOfWindowCallback
 .text.HAL_ADC_ErrorCallback
                0x0800304c       0x14 ./Drivers/STM32F4xx_HAL_Driver/Src/stm32f4xx_hal_adc.o
                0x0800304c                HAL_ADC_ErrorCallback
 .text.HAL_ADC_ConfigChannel
                0x08003060      0x264 ./Drivers/STM32F4xx_HAL_Driver/Src/stm32f4xx_hal_adc.o
                0x08003060                HAL_ADC_ConfigChannel
 .text.ADC_Init
                0x080032c4      0x1f8 ./Drivers/STM32F4xx_HAL_Driver/Src/stm32f4xx_hal_adc.o
 .text.ADC_DMAConvCplt
                0x080034bc       0xba ./Drivers/STM32F4xx_HAL_Driver/Src/stm32f4xx_hal_adc.o
 .text.ADC_DMAHalfConvCplt
                0x08003576       0x1c ./Drivers/STM32F4xx_HAL_Driver/Src/stm32f4xx_hal_adc.o
 .text.ADC_DMAError
                0x08003592       0x2e ./Drivers/STM32F4xx_HAL_Driver/Src/stm32f4xx_hal_adc.o
 .text.HAL_ADCEx_InjectedConvCpltCallback
                0x080035c0       0x14 ./Drivers/STM32F4xx_HAL_Driver/Src/stm32f4xx_hal_adc_ex.o
                0x080035c0                HAL_ADCEx_InjectedConvCpltCallback
 .text.__NVIC_SetPriorityGrouping
                0x080035d4       0x48 ./Drivers/STM32F4xx_HAL_Driver/Src/stm32f4xx_hal_cortex.o
 .text.__NVIC_GetPriorityGrouping
                0x0800361c       0x1c ./Drivers/STM32F4xx_HAL_Driver/Src/stm32f4xx_hal_cortex.o
 .text.__NVIC_EnableIRQ
                0x08003638       0x3c ./Drivers/STM32F4xx_HAL_Driver/Src/stm32f4xx_hal_cortex.o
 .text.__NVIC_SetPriority
                0x08003674       0x54 ./Drivers/STM32F4xx_HAL_Driver/Src/stm32f4xx_hal_cortex.o
 .text.NVIC_EncodePriority
                0x080036c8       0x66 ./Drivers/STM32F4xx_HAL_Driver/Src/stm32f4xx_hal_cortex.o
 *fill*         0x0800372e        0x2 
 .text.SysTick_Config
                0x08003730       0x44 ./Drivers/STM32F4xx_HAL_Driver/Src/stm32f4xx_hal_cortex.o
 .text.HAL_NVIC_SetPriorityGrouping
                0x08003774       0x16 ./Drivers/STM32F4xx_HAL_Driver/Src/stm32f4xx_hal_cortex.o
                0x08003774                HAL_NVIC_SetPriorityGrouping
 .text.HAL_NVIC_SetPriority
                0x0800378a       0x38 ./Drivers/STM32F4xx_HAL_Driver/Src/stm32f4xx_hal_cortex.o
                0x0800378a                HAL_NVIC_SetPriority
 .text.HAL_NVIC_EnableIRQ
                0x080037c2       0x1c ./Drivers/STM32F4xx_HAL_Driver/Src/stm32f4xx_hal_cortex.o
                0x080037c2                HAL_NVIC_EnableIRQ
 .text.HAL_SYSTICK_Config
                0x080037de       0x18 ./Drivers/STM32F4xx_HAL_Driver/Src/stm32f4xx_hal_cortex.o
                0x080037de                HAL_SYSTICK_Config
 *fill*         0x080037f6        0x2 
 .text.HAL_DMA_Init
                0x080037f8      0x15c ./Drivers/STM32F4xx_HAL_Driver/Src/stm32f4xx_hal_dma.o
                0x080037f8                HAL_DMA_Init
 .text.HAL_DMA_Start_IT
                0x08003954       0xb0 ./Drivers/STM32F4xx_HAL_Driver/Src/stm32f4xx_hal_dma.o
                0x08003954                HAL_DMA_Start_IT
 .text.HAL_DMA_Abort
                0x08003a04       0xe0 ./Drivers/STM32F4xx_HAL_Driver/Src/stm32f4xx_hal_dma.o
                0x08003a04                HAL_DMA_Abort
 .text.HAL_DMA_Abort_IT
                0x08003ae4       0x44 ./Drivers/STM32F4xx_HAL_Driver/Src/stm32f4xx_hal_dma.o
                0x08003ae4                HAL_DMA_Abort_IT
 .text.HAL_DMA_IRQHandler
                0x08003b28      0x314 ./Drivers/STM32F4xx_HAL_Driver/Src/stm32f4xx_hal_dma.o
                0x08003b28                HAL_DMA_IRQHandler
 .text.DMA_SetConfig
                0x08003e3c       0x5c ./Drivers/STM32F4xx_HAL_Driver/Src/stm32f4xx_hal_dma.o
 .text.DMA_CalcBaseAndBitshift
                0x08003e98       0x6c ./Drivers/STM32F4xx_HAL_Driver/Src/stm32f4xx_hal_dma.o
 .text.DMA_CheckFifoParam
                0x08003f04       0xf8 ./Drivers/STM32F4xx_HAL_Driver/Src/stm32f4xx_hal_dma.o
 .text.HAL_FLASH_Program
                0x08003ffc       0xa8 ./Drivers/STM32F4xx_HAL_Driver/Src/stm32f4xx_hal_flash.o
                0x08003ffc                HAL_FLASH_Program
 .text.HAL_FLASH_Unlock
                0x080040a4       0x44 ./Drivers/STM32F4xx_HAL_Driver/Src/stm32f4xx_hal_flash.o
                0x080040a4                HAL_FLASH_Unlock
 .text.HAL_FLASH_Lock
                0x080040e8       0x20 ./Drivers/STM32F4xx_HAL_Driver/Src/stm32f4xx_hal_flash.o
                0x080040e8                HAL_FLASH_Lock
 .text.FLASH_WaitForLastOperation
                0x08004108       0x80 ./Drivers/STM32F4xx_HAL_Driver/Src/stm32f4xx_hal_flash.o
                0x08004108                FLASH_WaitForLastOperation
 .text.FLASH_Program_DoubleWord
                0x08004188       0x64 ./Drivers/STM32F4xx_HAL_Driver/Src/stm32f4xx_hal_flash.o
 .text.FLASH_Program_Word
                0x080041ec       0x44 ./Drivers/STM32F4xx_HAL_Driver/Src/stm32f4xx_hal_flash.o
 .text.FLASH_Program_HalfWord
                0x08004230       0x48 ./Drivers/STM32F4xx_HAL_Driver/Src/stm32f4xx_hal_flash.o
 .text.FLASH_Program_Byte
                0x08004278       0x44 ./Drivers/STM32F4xx_HAL_Driver/Src/stm32f4xx_hal_flash.o
 .text.FLASH_SetErrorCode
                0x080042bc       0xcc ./Drivers/STM32F4xx_HAL_Driver/Src/stm32f4xx_hal_flash.o
 .text.HAL_FLASHEx_Erase
                0x08004388       0xe0 ./Drivers/STM32F4xx_HAL_Driver/Src/stm32f4xx_hal_flash_ex.o
                0x08004388                HAL_FLASHEx_Erase
 .text.FLASH_MassErase
                0x08004468       0x48 ./Drivers/STM32F4xx_HAL_Driver/Src/stm32f4xx_hal_flash_ex.o
 .text.FLASH_Erase_Sector
                0x080044b0       0x90 ./Drivers/STM32F4xx_HAL_Driver/Src/stm32f4xx_hal_flash_ex.o
                0x080044b0                FLASH_Erase_Sector
 .text.FLASH_FlushCaches
                0x08004540       0x8c ./Drivers/STM32F4xx_HAL_Driver/Src/stm32f4xx_hal_flash_ex.o
                0x08004540                FLASH_FlushCaches
 .text.HAL_GPIO_Init
                0x080045cc      0x308 ./Drivers/STM32F4xx_HAL_Driver/Src/stm32f4xx_hal_gpio.o
                0x080045cc                HAL_GPIO_Init
 .text.HAL_GPIO_WritePin
                0x080048d4       0x32 ./Drivers/STM32F4xx_HAL_Driver/Src/stm32f4xx_hal_gpio.o
                0x080048d4                HAL_GPIO_WritePin
 *fill*         0x08004906        0x2 
 .text.HAL_RCC_OscConfig
                0x08004908      0x4f0 ./Drivers/STM32F4xx_HAL_Driver/Src/stm32f4xx_hal_rcc.o
                0x08004908                HAL_RCC_OscConfig
 .text.HAL_RCC_ClockConfig
                0x08004df8      0x1cc ./Drivers/STM32F4xx_HAL_Driver/Src/stm32f4xx_hal_rcc.o
                0x08004df8                HAL_RCC_ClockConfig
 .text.HAL_RCC_GetSysClockFreq
                0x08004fc4      0x18c ./Drivers/STM32F4xx_HAL_Driver/Src/stm32f4xx_hal_rcc.o
                0x08004fc4                HAL_RCC_GetSysClockFreq
 .text.HAL_RCC_GetHCLKFreq
                0x08005150       0x18 ./Drivers/STM32F4xx_HAL_Driver/Src/stm32f4xx_hal_rcc.o
                0x08005150                HAL_RCC_GetHCLKFreq
 .text.HAL_RCC_GetPCLK1Freq
                0x08005168       0x28 ./Drivers/STM32F4xx_HAL_Driver/Src/stm32f4xx_hal_rcc.o
                0x08005168                HAL_RCC_GetPCLK1Freq
 .text.HAL_RCC_GetPCLK2Freq
                0x08005190       0x28 ./Drivers/STM32F4xx_HAL_Driver/Src/stm32f4xx_hal_rcc.o
                0x08005190                HAL_RCC_GetPCLK2Freq
 .text.HAL_TIM_PWM_Init
                0x080051b8       0x9e ./Drivers/STM32F4xx_HAL_Driver/Src/stm32f4xx_hal_tim.o
                0x080051b8                HAL_TIM_PWM_Init
 *fill*         0x08005256        0x2 
 .text.HAL_TIM_PWM_Start
                0x08005258      0x160 ./Drivers/STM32F4xx_HAL_Driver/Src/stm32f4xx_hal_tim.o
                0x08005258                HAL_TIM_PWM_Start
 .text.HAL_TIM_PWM_ConfigChannel
                0x080053b8      0x184 ./Drivers/STM32F4xx_HAL_Driver/Src/stm32f4xx_hal_tim.o
                0x080053b8                HAL_TIM_PWM_ConfigChannel
 .text.TIM_Base_SetConfig
                0x0800553c      0x118 ./Drivers/STM32F4xx_HAL_Driver/Src/stm32f4xx_hal_tim.o
                0x0800553c                TIM_Base_SetConfig
 .text.TIM_OC1_SetConfig
                0x08005654       0xcc ./Drivers/STM32F4xx_HAL_Driver/Src/stm32f4xx_hal_tim.o
 .text.TIM_OC2_SetConfig
                0x08005720       0xd8 ./Drivers/STM32F4xx_HAL_Driver/Src/stm32f4xx_hal_tim.o
                0x08005720                TIM_OC2_SetConfig
 .text.TIM_OC3_SetConfig
                0x080057f8       0xd4 ./Drivers/STM32F4xx_HAL_Driver/Src/stm32f4xx_hal_tim.o
 .text.TIM_OC4_SetConfig
                0x080058cc       0xa0 ./Drivers/STM32F4xx_HAL_Driver/Src/stm32f4xx_hal_tim.o
 .text.TIM_CCxChannelCmd
                0x0800596c       0x4a ./Drivers/STM32F4xx_HAL_Driver/Src/stm32f4xx_hal_tim.o
                0x0800596c                TIM_CCxChannelCmd
 *fill*         0x080059b6        0x2 
 .text.HAL_TIMEx_MasterConfigSynchronization
                0x080059b8       0xdc ./Drivers/STM32F4xx_HAL_Driver/Src/stm32f4xx_hal_tim_ex.o
                0x080059b8                HAL_TIMEx_MasterConfigSynchronization
 .text.HAL_TIMEx_ConfigBreakDeadTime
                0x08005a94       0xa4 ./Drivers/STM32F4xx_HAL_Driver/Src/stm32f4xx_hal_tim_ex.o
                0x08005a94                HAL_TIMEx_ConfigBreakDeadTime
 .text.HAL_UART_Init
                0x08005b38       0xa0 ./Drivers/STM32F4xx_HAL_Driver/Src/stm32f4xx_hal_uart.o
                0x08005b38                HAL_UART_Init
 .text.HAL_UART_Transmit
                0x08005bd8      0x116 ./Drivers/STM32F4xx_HAL_Driver/Src/stm32f4xx_hal_uart.o
                0x08005bd8                HAL_UART_Transmit
 .text.HAL_UARTEx_ReceiveToIdle_DMA
                0x08005cee       0xba ./Drivers/STM32F4xx_HAL_Driver/Src/stm32f4xx_hal_uart.o
                0x08005cee                HAL_UARTEx_ReceiveToIdle_DMA
 .text.HAL_UART_IRQHandler
                0x08005da8      0x524 ./Drivers/STM32F4xx_HAL_Driver/Src/stm32f4xx_hal_uart.o
                0x08005da8                HAL_UART_IRQHandler
 .text.HAL_UART_TxCpltCallback
                0x080062cc       0x14 ./Drivers/STM32F4xx_HAL_Driver/Src/stm32f4xx_hal_uart.o
                0x080062cc                HAL_UART_TxCpltCallback
 .text.HAL_UART_RxCpltCallback
                0x080062e0       0x14 ./Drivers/STM32F4xx_HAL_Driver/Src/stm32f4xx_hal_uart.o
                0x080062e0                HAL_UART_RxCpltCallback
 .text.HAL_UART_RxHalfCpltCallback
                0x080062f4       0x14 ./Drivers/STM32F4xx_HAL_Driver/Src/stm32f4xx_hal_uart.o
                0x080062f4                HAL_UART_RxHalfCpltCallback
 .text.HAL_UART_ErrorCallback
                0x08006308       0x14 ./Drivers/STM32F4xx_HAL_Driver/Src/stm32f4xx_hal_uart.o
                0x08006308                HAL_UART_ErrorCallback
 .text.UART_DMAReceiveCplt
                0x0800631c      0x12c ./Drivers/STM32F4xx_HAL_Driver/Src/stm32f4xx_hal_uart.o
 .text.UART_DMARxHalfCplt
                0x08006448       0x3c ./Drivers/STM32F4xx_HAL_Driver/Src/stm32f4xx_hal_uart.o
 .text.UART_DMAError
                0x08006484       0x94 ./Drivers/STM32F4xx_HAL_Driver/Src/stm32f4xx_hal_uart.o
 .text.UART_WaitOnFlagUntilTimeout
                0x08006518       0xb2 ./Drivers/STM32F4xx_HAL_Driver/Src/stm32f4xx_hal_uart.o
 *fill*         0x080065ca        0x2 
 .text.UART_Start_Receive_DMA
                0x080065cc      0x134 ./Drivers/STM32F4xx_HAL_Driver/Src/stm32f4xx_hal_uart.o
                0x080065cc                UART_Start_Receive_DMA
 .text.UART_EndTxTransfer
                0x08006700       0x50 ./Drivers/STM32F4xx_HAL_Driver/Src/stm32f4xx_hal_uart.o
 .text.UART_EndRxTransfer
                0x08006750       0xc6 ./Drivers/STM32F4xx_HAL_Driver/Src/stm32f4xx_hal_uart.o
 .text.UART_DMAAbortOnError
                0x08006816       0x28 ./Drivers/STM32F4xx_HAL_Driver/Src/stm32f4xx_hal_uart.o
 .text.UART_Transmit_IT
                0x0800683e       0xa0 ./Drivers/STM32F4xx_HAL_Driver/Src/stm32f4xx_hal_uart.o
 .text.UART_EndTransmit_IT
                0x080068de       0x30 ./Drivers/STM32F4xx_HAL_Driver/Src/stm32f4xx_hal_uart.o
 .text.UART_Receive_IT
                0x0800690e      0x17c ./Drivers/STM32F4xx_HAL_Driver/Src/stm32f4xx_hal_uart.o
 *fill*         0x08006a8a        0x2 
 .text.UART_SetConfig
                0x08006a8c      0x4e8 ./Drivers/STM32F4xx_HAL_Driver/Src/stm32f4xx_hal_uart.o
 .text.atof     0x08006f74        0x6 /Applications/STM32CubeIDE.app/Contents/Eclipse/plugins/com.st.stm32cube.ide.mcu.externaltools.gnu-tools-for-stm32.13.3.rel1.macos64_1.0.0.202411102158/tools/bin/../lib/gcc/arm-none-eabi/13.3.1/../../../../arm-none-eabi/lib/thumb/v7e-m+fp/hard/libc_nano.a(libc_a-atof.o)
                0x08006f74                atof
 *fill*         0x08006f7a        0x2 
 .text.sprintf  0x08006f7c       0x44 /Applications/STM32CubeIDE.app/Contents/Eclipse/plugins/com.st.stm32cube.ide.mcu.externaltools.gnu-tools-for-stm32.13.3.rel1.macos64_1.0.0.202411102158/tools/bin/../lib/gcc/arm-none-eabi/13.3.1/../../../../arm-none-eabi/lib/thumb/v7e-m+fp/hard/libc_nano.a(libc_a-sprintf.o)
                0x08006f7c                sprintf
                0x08006f7c                siprintf
 .text.std      0x08006fc0       0x6c /Applications/STM32CubeIDE.app/Contents/Eclipse/plugins/com.st.stm32cube.ide.mcu.externaltools.gnu-tools-for-stm32.13.3.rel1.macos64_1.0.0.202411102158/tools/bin/../lib/gcc/arm-none-eabi/13.3.1/../../../../arm-none-eabi/lib/thumb/v7e-m+fp/hard/libc_nano.a(libc_a-findfp.o)
 .text.stdio_exit_handler
                0x0800702c       0x18 /Applications/STM32CubeIDE.app/Contents/Eclipse/plugins/com.st.stm32cube.ide.mcu.externaltools.gnu-tools-for-stm32.13.3.rel1.macos64_1.0.0.202411102158/tools/bin/../lib/gcc/arm-none-eabi/13.3.1/../../../../arm-none-eabi/lib/thumb/v7e-m+fp/hard/libc_nano.a(libc_a-findfp.o)
 .text.cleanup_stdio
                0x08007044       0x40 /Applications/STM32CubeIDE.app/Contents/Eclipse/plugins/com.st.stm32cube.ide.mcu.externaltools.gnu-tools-for-stm32.13.3.rel1.macos64_1.0.0.202411102158/tools/bin/../lib/gcc/arm-none-eabi/13.3.1/../../../../arm-none-eabi/lib/thumb/v7e-m+fp/hard/libc_nano.a(libc_a-findfp.o)
 .text.global_stdio_init.part.0
                0x08007084       0x3c /Applications/STM32CubeIDE.app/Contents/Eclipse/plugins/com.st.stm32cube.ide.mcu.externaltools.gnu-tools-for-stm32.13.3.rel1.macos64_1.0.0.202411102158/tools/bin/../lib/gcc/arm-none-eabi/13.3.1/../../../../arm-none-eabi/lib/thumb/v7e-m+fp/hard/libc_nano.a(libc_a-findfp.o)
 .text.__sfp_lock_acquire
                0x080070c0        0xc /Applications/STM32CubeIDE.app/Contents/Eclipse/plugins/com.st.stm32cube.ide.mcu.externaltools.gnu-tools-for-stm32.13.3.rel1.macos64_1.0.0.202411102158/tools/bin/../lib/gcc/arm-none-eabi/13.3.1/../../../../arm-none-eabi/lib/thumb/v7e-m+fp/hard/libc_nano.a(libc_a-findfp.o)
                0x080070c0                __sfp_lock_acquire
 .text.__sfp_lock_release
                0x080070cc        0xc /Applications/STM32CubeIDE.app/Contents/Eclipse/plugins/com.st.stm32cube.ide.mcu.externaltools.gnu-tools-for-stm32.13.3.rel1.macos64_1.0.0.202411102158/tools/bin/../lib/gcc/arm-none-eabi/13.3.1/../../../../arm-none-eabi/lib/thumb/v7e-m+fp/hard/libc_nano.a(libc_a-findfp.o)
                0x080070cc                __sfp_lock_release
 .text.__sinit  0x080070d8       0x30 /Applications/STM32CubeIDE.app/Contents/Eclipse/plugins/com.st.stm32cube.ide.mcu.externaltools.gnu-tools-for-stm32.13.3.rel1.macos64_1.0.0.202411102158/tools/bin/../lib/gcc/arm-none-eabi/13.3.1/../../../../arm-none-eabi/lib/thumb/v7e-m+fp/hard/libc_nano.a(libc_a-findfp.o)
                0x080070d8                __sinit
 .text.sulp     0x08007108       0x3c /Applications/STM32CubeIDE.app/Contents/Eclipse/plugins/com.st.stm32cube.ide.mcu.externaltools.gnu-tools-for-stm32.13.3.rel1.macos64_1.0.0.202411102158/tools/bin/../lib/gcc/arm-none-eabi/13.3.1/../../../../arm-none-eabi/lib/thumb/v7e-m+fp/hard/libc_nano.a(libc_a-strtod.o)
 *fill*         0x08007144        0x4 
 .text._strtod_l
                0x08007148      0xbc8 /Applications/STM32CubeIDE.app/Contents/Eclipse/plugins/com.st.stm32cube.ide.mcu.externaltools.gnu-tools-for-stm32.13.3.rel1.macos64_1.0.0.202411102158/tools/bin/../lib/gcc/arm-none-eabi/13.3.1/../../../../arm-none-eabi/lib/thumb/v7e-m+fp/hard/libc_nano.a(libc_a-strtod.o)
                0x08007148                _strtod_l
 .text.strtod   0x08007d10       0x18 /Applications/STM32CubeIDE.app/Contents/Eclipse/plugins/com.st.stm32cube.ide.mcu.externaltools.gnu-tools-for-stm32.13.3.rel1.macos64_1.0.0.202411102158/tools/bin/../lib/gcc/arm-none-eabi/13.3.1/../../../../arm-none-eabi/lib/thumb/v7e-m+fp/hard/libc_nano.a(libc_a-strtod.o)
                0x08007d10                strtod
 .text._fwalk_sglue
                0x08007d28       0x3c /Applications/STM32CubeIDE.app/Contents/Eclipse/plugins/com.st.stm32cube.ide.mcu.externaltools.gnu-tools-for-stm32.13.3.rel1.macos64_1.0.0.202411102158/tools/bin/../lib/gcc/arm-none-eabi/13.3.1/../../../../arm-none-eabi/lib/thumb/v7e-m+fp/hard/libc_nano.a(libc_a-fwalk.o)
                0x08007d28                _fwalk_sglue
 .text.memset   0x08007d64       0x10 /Applications/STM32CubeIDE.app/Contents/Eclipse/plugins/com.st.stm32cube.ide.mcu.externaltools.gnu-tools-for-stm32.13.3.rel1.macos64_1.0.0.202411102158/tools/bin/../lib/gcc/arm-none-eabi/13.3.1/../../../../arm-none-eabi/lib/thumb/v7e-m+fp/hard/libc_nano.a(libc_a-memset.o)
                0x08007d64                memset
 .text.strncmp  0x08007d74       0x24 /Applications/STM32CubeIDE.app/Contents/Eclipse/plugins/com.st.stm32cube.ide.mcu.externaltools.gnu-tools-for-stm32.13.3.rel1.macos64_1.0.0.202411102158/tools/bin/../lib/gcc/arm-none-eabi/13.3.1/../../../../arm-none-eabi/lib/thumb/v7e-m+fp/hard/libc_nano.a(libc_a-strncmp.o)
                0x08007d74                strncmp
 .text.__errno  0x08007d98        0xc /Applications/STM32CubeIDE.app/Contents/Eclipse/plugins/com.st.stm32cube.ide.mcu.externaltools.gnu-tools-for-stm32.13.3.rel1.macos64_1.0.0.202411102158/tools/bin/../lib/gcc/arm-none-eabi/13.3.1/../../../../arm-none-eabi/lib/thumb/v7e-m+fp/hard/libc_nano.a(libc_a-errno.o)
                0x08007d98                __errno
 .text.__libc_init_array
                0x08007da4       0x48 /Applications/STM32CubeIDE.app/Contents/Eclipse/plugins/com.st.stm32cube.ide.mcu.externaltools.gnu-tools-for-stm32.13.3.rel1.macos64_1.0.0.202411102158/tools/bin/../lib/gcc/arm-none-eabi/13.3.1/../../../../arm-none-eabi/lib/thumb/v7e-m+fp/hard/libc_nano.a(libc_a-init.o)
                0x08007da4                __libc_init_array
 .text.__retarget_lock_init_recursive
                0x08007dec        0x2 /Applications/STM32CubeIDE.app/Contents/Eclipse/plugins/com.st.stm32cube.ide.mcu.externaltools.gnu-tools-for-stm32.13.3.rel1.macos64_1.0.0.202411102158/tools/bin/../lib/gcc/arm-none-eabi/13.3.1/../../../../arm-none-eabi/lib/thumb/v7e-m+fp/hard/libc_nano.a(libc_a-lock.o)
                0x08007dec                __retarget_lock_init_recursive
 .text.__retarget_lock_acquire_recursive
                0x08007dee        0x2 /Applications/STM32CubeIDE.app/Contents/Eclipse/plugins/com.st.stm32cube.ide.mcu.externaltools.gnu-tools-for-stm32.13.3.rel1.macos64_1.0.0.202411102158/tools/bin/../lib/gcc/arm-none-eabi/13.3.1/../../../../arm-none-eabi/lib/thumb/v7e-m+fp/hard/libc_nano.a(libc_a-lock.o)
                0x08007dee                __retarget_lock_acquire_recursive
 .text.__retarget_lock_release_recursive
                0x08007df0        0x2 /Applications/STM32CubeIDE.app/Contents/Eclipse/plugins/com.st.stm32cube.ide.mcu.externaltools.gnu-tools-for-stm32.13.3.rel1.macos64_1.0.0.202411102158/tools/bin/../lib/gcc/arm-none-eabi/13.3.1/../../../../arm-none-eabi/lib/thumb/v7e-m+fp/hard/libc_nano.a(libc_a-lock.o)
                0x08007df0                __retarget_lock_release_recursive
 .text.memcpy   0x08007df2       0x1c /Applications/STM32CubeIDE.app/Contents/Eclipse/plugins/com.st.stm32cube.ide.mcu.externaltools.gnu-tools-for-stm32.13.3.rel1.macos64_1.0.0.202411102158/tools/bin/../lib/gcc/arm-none-eabi/13.3.1/../../../../arm-none-eabi/lib/thumb/v7e-m+fp/hard/libc_nano.a(libc_a-memcpy-stub.o)
                0x08007df2                memcpy
 *fill*         0x08007e0e        0x2 
 .text.nan      0x08007e10       0x10 /Applications/STM32CubeIDE.app/Contents/Eclipse/plugins/com.st.stm32cube.ide.mcu.externaltools.gnu-tools-for-stm32.13.3.rel1.macos64_1.0.0.202411102158/tools/bin/../lib/gcc/arm-none-eabi/13.3.1/../../../../arm-none-eabi/lib/thumb/v7e-m+fp/hard/libc_nano.a(libm_a-s_nan.o)
                0x08007e10                nan
 .text.rshift   0x08007e20       0xa4 /Applications/STM32CubeIDE.app/Contents/Eclipse/plugins/com.st.stm32cube.ide.mcu.externaltools.gnu-tools-for-stm32.13.3.rel1.macos64_1.0.0.202411102158/tools/bin/../lib/gcc/arm-none-eabi/13.3.1/../../../../arm-none-eabi/lib/thumb/v7e-m+fp/hard/libc_nano.a(libc_a-gdtoa-gethex.o)
 .text.__hexdig_fun
                0x08007ec4       0x2a /Applications/STM32CubeIDE.app/Contents/Eclipse/plugins/com.st.stm32cube.ide.mcu.externaltools.gnu-tools-for-stm32.13.3.rel1.macos64_1.0.0.202411102158/tools/bin/../lib/gcc/arm-none-eabi/13.3.1/../../../../arm-none-eabi/lib/thumb/v7e-m+fp/hard/libc_nano.a(libc_a-gdtoa-gethex.o)
                0x08007ec4                __hexdig_fun
 *fill*         0x08007eee        0x2 
 .text.__gethex
                0x08007ef0      0x420 /Applications/STM32CubeIDE.app/Contents/Eclipse/plugins/com.st.stm32cube.ide.mcu.externaltools.gnu-tools-for-stm32.13.3.rel1.macos64_1.0.0.202411102158/tools/bin/../lib/gcc/arm-none-eabi/13.3.1/../../../../arm-none-eabi/lib/thumb/v7e-m+fp/hard/libc_nano.a(libc_a-gdtoa-gethex.o)
                0x08007ef0                __gethex
 .text.L_shift  0x08008310       0x24 /Applications/STM32CubeIDE.app/Contents/Eclipse/plugins/com.st.stm32cube.ide.mcu.externaltools.gnu-tools-for-stm32.13.3.rel1.macos64_1.0.0.202411102158/tools/bin/../lib/gcc/arm-none-eabi/13.3.1/../../../../arm-none-eabi/lib/thumb/v7e-m+fp/hard/libc_nano.a(libc_a-gdtoa-hexnan.o)
 .text.__match  0x08008334       0x28 /Applications/STM32CubeIDE.app/Contents/Eclipse/plugins/com.st.stm32cube.ide.mcu.externaltools.gnu-tools-for-stm32.13.3.rel1.macos64_1.0.0.202411102158/tools/bin/../lib/gcc/arm-none-eabi/13.3.1/../../../../arm-none-eabi/lib/thumb/v7e-m+fp/hard/libc_nano.a(libc_a-gdtoa-hexnan.o)
                0x08008334                __match
 .text.__hexnan
                0x0800835c      0x136 /Applications/STM32CubeIDE.app/Contents/Eclipse/plugins/com.st.stm32cube.ide.mcu.externaltools.gnu-tools-for-stm32.13.3.rel1.macos64_1.0.0.202411102158/tools/bin/../lib/gcc/arm-none-eabi/13.3.1/../../../../arm-none-eabi/lib/thumb/v7e-m+fp/hard/libc_nano.a(libc_a-gdtoa-hexnan.o)
                0x0800835c                __hexnan
 .text.__ssputs_r
                0x08008492       0xb6 /Applications/STM32CubeIDE.app/Contents/Eclipse/plugins/com.st.stm32cube.ide.mcu.externaltools.gnu-tools-for-stm32.13.3.rel1.macos64_1.0.0.202411102158/tools/bin/../lib/gcc/arm-none-eabi/13.3.1/../../../../arm-none-eabi/lib/thumb/v7e-m+fp/hard/libc_nano.a(libc_a-nano-svfprintf.o)
                0x08008492                __ssputs_r
 .text._svfprintf_r
                0x08008548      0x1f8 /Applications/STM32CubeIDE.app/Contents/Eclipse/plugins/com.st.stm32cube.ide.mcu.externaltools.gnu-tools-for-stm32.13.3.rel1.macos64_1.0.0.202411102158/tools/bin/../lib/gcc/arm-none-eabi/13.3.1/../../../../arm-none-eabi/lib/thumb/v7e-m+fp/hard/libc_nano.a(libc_a-nano-svfprintf.o)
                0x08008548                _svfprintf_r
                0x08008548                _svfiprintf_r
 .text.sbrk_aligned
                0x08008740       0x44 /Applications/STM32CubeIDE.app/Contents/Eclipse/plugins/com.st.stm32cube.ide.mcu.externaltools.gnu-tools-for-stm32.13.3.rel1.macos64_1.0.0.202411102158/tools/bin/../lib/gcc/arm-none-eabi/13.3.1/../../../../arm-none-eabi/lib/thumb/v7e-m+fp/hard/libc_nano.a(libc_a-mallocr.o)
 .text._malloc_r
                0x08008784      0x100 /Applications/STM32CubeIDE.app/Contents/Eclipse/plugins/com.st.stm32cube.ide.mcu.externaltools.gnu-tools-for-stm32.13.3.rel1.macos64_1.0.0.202411102158/tools/bin/../lib/gcc/arm-none-eabi/13.3.1/../../../../arm-none-eabi/lib/thumb/v7e-m+fp/hard/libc_nano.a(libc_a-mallocr.o)
                0x08008784                _malloc_r
 .text.__ascii_mbtowc
                0x08008884       0x24 /Applications/STM32CubeIDE.app/Contents/Eclipse/plugins/com.st.stm32cube.ide.mcu.externaltools.gnu-tools-for-stm32.13.3.rel1.macos64_1.0.0.202411102158/tools/bin/../lib/gcc/arm-none-eabi/13.3.1/../../../../arm-none-eabi/lib/thumb/v7e-m+fp/hard/libc_nano.a(libc_a-mbtowc_r.o)
                0x08008884                __ascii_mbtowc
 .text._printf_common
                0x080088a8       0xda /Applications/STM32CubeIDE.app/Contents/Eclipse/plugins/com.st.stm32cube.ide.mcu.externaltools.gnu-tools-for-stm32.13.3.rel1.macos64_1.0.0.202411102158/tools/bin/../lib/gcc/arm-none-eabi/13.3.1/../../../../arm-none-eabi/lib/thumb/v7e-m+fp/hard/libc_nano.a(libc_a-nano-vfprintf_i.o)
                0x080088a8                _printf_common
 *fill*         0x08008982        0x2 
 .text._printf_i
                0x08008984      0x23c /Applications/STM32CubeIDE.app/Contents/Eclipse/plugins/com.st.stm32cube.ide.mcu.externaltools.gnu-tools-for-stm32.13.3.rel1.macos64_1.0.0.202411102158/tools/bin/../lib/gcc/arm-none-eabi/13.3.1/../../../../arm-none-eabi/lib/thumb/v7e-m+fp/hard/libc_nano.a(libc_a-nano-vfprintf_i.o)
                0x08008984                _printf_i
 .text.__sflush_r
                0x08008bc0      0x108 /Applications/STM32CubeIDE.app/Contents/Eclipse/plugins/com.st.stm32cube.ide.mcu.externaltools.gnu-tools-for-stm32.13.3.rel1.macos64_1.0.0.202411102158/tools/bin/../lib/gcc/arm-none-eabi/13.3.1/../../../../arm-none-eabi/lib/thumb/v7e-m+fp/hard/libc_nano.a(libc_a-fflush.o)
                0x08008bc0                __sflush_r
 .text._fflush_r
                0x08008cc8       0x50 /Applications/STM32CubeIDE.app/Contents/Eclipse/plugins/com.st.stm32cube.ide.mcu.externaltools.gnu-tools-for-stm32.13.3.rel1.macos64_1.0.0.202411102158/tools/bin/../lib/gcc/arm-none-eabi/13.3.1/../../../../arm-none-eabi/lib/thumb/v7e-m+fp/hard/libc_nano.a(libc_a-fflush.o)
                0x08008cc8                _fflush_r
 .text.__malloc_lock
                0x08008d18        0xc /Applications/STM32CubeIDE.app/Contents/Eclipse/plugins/com.st.stm32cube.ide.mcu.externaltools.gnu-tools-for-stm32.13.3.rel1.macos64_1.0.0.202411102158/tools/bin/../lib/gcc/arm-none-eabi/13.3.1/../../../../arm-none-eabi/lib/thumb/v7e-m+fp/hard/libc_nano.a(libc_a-mlock.o)
                0x08008d18                __malloc_lock
 .text.__malloc_unlock
                0x08008d24        0xc /Applications/STM32CubeIDE.app/Contents/Eclipse/plugins/com.st.stm32cube.ide.mcu.externaltools.gnu-tools-for-stm32.13.3.rel1.macos64_1.0.0.202411102158/tools/bin/../lib/gcc/arm-none-eabi/13.3.1/../../../../arm-none-eabi/lib/thumb/v7e-m+fp/hard/libc_nano.a(libc_a-mlock.o)
                0x08008d24                __malloc_unlock
 .text._Balloc  0x08008d30       0x80 /Applications/STM32CubeIDE.app/Contents/Eclipse/plugins/com.st.stm32cube.ide.mcu.externaltools.gnu-tools-for-stm32.13.3.rel1.macos64_1.0.0.202411102158/tools/bin/../lib/gcc/arm-none-eabi/13.3.1/../../../../arm-none-eabi/lib/thumb/v7e-m+fp/hard/libc_nano.a(libc_a-mprec.o)
                0x08008d30                _Balloc
 .text._Bfree   0x08008db0       0x44 /Applications/STM32CubeIDE.app/Contents/Eclipse/plugins/com.st.stm32cube.ide.mcu.externaltools.gnu-tools-for-stm32.13.3.rel1.macos64_1.0.0.202411102158/tools/bin/../lib/gcc/arm-none-eabi/13.3.1/../../../../arm-none-eabi/lib/thumb/v7e-m+fp/hard/libc_nano.a(libc_a-mprec.o)
                0x08008db0                _Bfree
 .text.__multadd
                0x08008df4       0x8c /Applications/STM32CubeIDE.app/Contents/Eclipse/plugins/com.st.stm32cube.ide.mcu.externaltools.gnu-tools-for-stm32.13.3.rel1.macos64_1.0.0.202411102158/tools/bin/../lib/gcc/arm-none-eabi/13.3.1/../../../../arm-none-eabi/lib/thumb/v7e-m+fp/hard/libc_nano.a(libc_a-mprec.o)
                0x08008df4                __multadd
 .text.__s2b    0x08008e80       0x94 /Applications/STM32CubeIDE.app/Contents/Eclipse/plugins/com.st.stm32cube.ide.mcu.externaltools.gnu-tools-for-stm32.13.3.rel1.macos64_1.0.0.202411102158/tools/bin/../lib/gcc/arm-none-eabi/13.3.1/../../../../arm-none-eabi/lib/thumb/v7e-m+fp/hard/libc_nano.a(libc_a-mprec.o)
                0x08008e80                __s2b
 .text.__hi0bits
                0x08008f14       0x3e /Applications/STM32CubeIDE.app/Contents/Eclipse/plugins/com.st.stm32cube.ide.mcu.externaltools.gnu-tools-for-stm32.13.3.rel1.macos64_1.0.0.202411102158/tools/bin/../lib/gcc/arm-none-eabi/13.3.1/../../../../arm-none-eabi/lib/thumb/v7e-m+fp/hard/libc_nano.a(libc_a-mprec.o)
                0x08008f14                __hi0bits
 .text.__lo0bits
                0x08008f52       0x5a /Applications/STM32CubeIDE.app/Contents/Eclipse/plugins/com.st.stm32cube.ide.mcu.externaltools.gnu-tools-for-stm32.13.3.rel1.macos64_1.0.0.202411102158/tools/bin/../lib/gcc/arm-none-eabi/13.3.1/../../../../arm-none-eabi/lib/thumb/v7e-m+fp/hard/libc_nano.a(libc_a-mprec.o)
                0x08008f52                __lo0bits
 .text.__i2b    0x08008fac       0x2c /Applications/STM32CubeIDE.app/Contents/Eclipse/plugins/com.st.stm32cube.ide.mcu.externaltools.gnu-tools-for-stm32.13.3.rel1.macos64_1.0.0.202411102158/tools/bin/../lib/gcc/arm-none-eabi/13.3.1/../../../../arm-none-eabi/lib/thumb/v7e-m+fp/hard/libc_nano.a(libc_a-mprec.o)
                0x08008fac                __i2b
 .text.__multiply
                0x08008fd8      0x144 /Applications/STM32CubeIDE.app/Contents/Eclipse/plugins/com.st.stm32cube.ide.mcu.externaltools.gnu-tools-for-stm32.13.3.rel1.macos64_1.0.0.202411102158/tools/bin/../lib/gcc/arm-none-eabi/13.3.1/../../../../arm-none-eabi/lib/thumb/v7e-m+fp/hard/libc_nano.a(libc_a-mprec.o)
                0x08008fd8                __multiply
 .text.__pow5mult
                0x0800911c       0xb4 /Applications/STM32CubeIDE.app/Contents/Eclipse/plugins/com.st.stm32cube.ide.mcu.externaltools.gnu-tools-for-stm32.13.3.rel1.macos64_1.0.0.202411102158/tools/bin/../lib/gcc/arm-none-eabi/13.3.1/../../../../arm-none-eabi/lib/thumb/v7e-m+fp/hard/libc_nano.a(libc_a-mprec.o)
                0x0800911c                __pow5mult
 .text.__lshift
                0x080091d0       0xd8 /Applications/STM32CubeIDE.app/Contents/Eclipse/plugins/com.st.stm32cube.ide.mcu.externaltools.gnu-tools-for-stm32.13.3.rel1.macos64_1.0.0.202411102158/tools/bin/../lib/gcc/arm-none-eabi/13.3.1/../../../../arm-none-eabi/lib/thumb/v7e-m+fp/hard/libc_nano.a(libc_a-mprec.o)
                0x080091d0                __lshift
 .text.__mcmp   0x080092a8       0x36 /Applications/STM32CubeIDE.app/Contents/Eclipse/plugins/com.st.stm32cube.ide.mcu.externaltools.gnu-tools-for-stm32.13.3.rel1.macos64_1.0.0.202411102158/tools/bin/../lib/gcc/arm-none-eabi/13.3.1/../../../../arm-none-eabi/lib/thumb/v7e-m+fp/hard/libc_nano.a(libc_a-mprec.o)
                0x080092a8                __mcmp
 *fill*         0x080092de        0x2 
 .text.__mdiff  0x080092e0      0x128 /Applications/STM32CubeIDE.app/Contents/Eclipse/plugins/com.st.stm32cube.ide.mcu.externaltools.gnu-tools-for-stm32.13.3.rel1.macos64_1.0.0.202411102158/tools/bin/../lib/gcc/arm-none-eabi/13.3.1/../../../../arm-none-eabi/lib/thumb/v7e-m+fp/hard/libc_nano.a(libc_a-mprec.o)
                0x080092e0                __mdiff
 .text.__ulp    0x08009408       0x4c /Applications/STM32CubeIDE.app/Contents/Eclipse/plugins/com.st.stm32cube.ide.mcu.externaltools.gnu-tools-for-stm32.13.3.rel1.macos64_1.0.0.202411102158/tools/bin/../lib/gcc/arm-none-eabi/13.3.1/../../../../arm-none-eabi/lib/thumb/v7e-m+fp/hard/libc_nano.a(libc_a-mprec.o)
                0x08009408                __ulp
 .text.__b2d    0x08009454       0x94 /Applications/STM32CubeIDE.app/Contents/Eclipse/plugins/com.st.stm32cube.ide.mcu.externaltools.gnu-tools-for-stm32.13.3.rel1.macos64_1.0.0.202411102158/tools/bin/../lib/gcc/arm-none-eabi/13.3.1/../../../../arm-none-eabi/lib/thumb/v7e-m+fp/hard/libc_nano.a(libc_a-mprec.o)
                0x08009454                __b2d
 .text.__d2b    0x080094e8       0xb0 /Applications/STM32CubeIDE.app/Contents/Eclipse/plugins/com.st.stm32cube.ide.mcu.externaltools.gnu-tools-for-stm32.13.3.rel1.macos64_1.0.0.202411102158/tools/bin/../lib/gcc/arm-none-eabi/13.3.1/../../../../arm-none-eabi/lib/thumb/v7e-m+fp/hard/libc_nano.a(libc_a-mprec.o)
                0x080094e8                __d2b
 .text.__ratio  0x08009598       0x64 /Applications/STM32CubeIDE.app/Contents/Eclipse/plugins/com.st.stm32cube.ide.mcu.externaltools.gnu-tools-for-stm32.13.3.rel1.macos64_1.0.0.202411102158/tools/bin/../lib/gcc/arm-none-eabi/13.3.1/../../../../arm-none-eabi/lib/thumb/v7e-m+fp/hard/libc_nano.a(libc_a-mprec.o)
                0x08009598                __ratio
 .text.__copybits
                0x080095fc       0x46 /Applications/STM32CubeIDE.app/Contents/Eclipse/plugins/com.st.stm32cube.ide.mcu.externaltools.gnu-tools-for-stm32.13.3.rel1.macos64_1.0.0.202411102158/tools/bin/../lib/gcc/arm-none-eabi/13.3.1/../../../../arm-none-eabi/lib/thumb/v7e-m+fp/hard/libc_nano.a(libc_a-mprec.o)
                0x080095fc                __copybits
 .text.__any_on
                0x08009642       0x42 /Applications/STM32CubeIDE.app/Contents/Eclipse/plugins/com.st.stm32cube.ide.mcu.externaltools.gnu-tools-for-stm32.13.3.rel1.macos64_1.0.0.202411102158/tools/bin/../lib/gcc/arm-none-eabi/13.3.1/../../../../arm-none-eabi/lib/thumb/v7e-m+fp/hard/libc_nano.a(libc_a-mprec.o)
                0x08009642                __any_on
 .text.__sread  0x08009684       0x22 /Applications/STM32CubeIDE.app/Contents/Eclipse/plugins/com.st.stm32cube.ide.mcu.externaltools.gnu-tools-for-stm32.13.3.rel1.macos64_1.0.0.202411102158/tools/bin/../lib/gcc/arm-none-eabi/13.3.1/../../../../arm-none-eabi/lib/thumb/v7e-m+fp/hard/libc_nano.a(libc_a-stdio.o)
                0x08009684                __sread
 .text.__swrite
                0x080096a6       0x38 /Applications/STM32CubeIDE.app/Contents/Eclipse/plugins/com.st.stm32cube.ide.mcu.externaltools.gnu-tools-for-stm32.13.3.rel1.macos64_1.0.0.202411102158/tools/bin/../lib/gcc/arm-none-eabi/13.3.1/../../../../arm-none-eabi/lib/thumb/v7e-m+fp/hard/libc_nano.a(libc_a-stdio.o)
                0x080096a6                __swrite
 .text.__sseek  0x080096de       0x24 /Applications/STM32CubeIDE.app/Contents/Eclipse/plugins/com.st.stm32cube.ide.mcu.externaltools.gnu-tools-for-stm32.13.3.rel1.macos64_1.0.0.202411102158/tools/bin/../lib/gcc/arm-none-eabi/13.3.1/../../../../arm-none-eabi/lib/thumb/v7e-m+fp/hard/libc_nano.a(libc_a-stdio.o)
                0x080096de                __sseek
 .text.__sclose
                0x08009702        0x8 /Applications/STM32CubeIDE.app/Contents/Eclipse/plugins/com.st.stm32cube.ide.mcu.externaltools.gnu-tools-for-stm32.13.3.rel1.macos64_1.0.0.202411102158/tools/bin/../lib/gcc/arm-none-eabi/13.3.1/../../../../arm-none-eabi/lib/thumb/v7e-m+fp/hard/libc_nano.a(libc_a-stdio.o)
                0x08009702                __sclose
 .text._realloc_r
                0x0800970a       0x5c /Applications/STM32CubeIDE.app/Contents/Eclipse/plugins/com.st.stm32cube.ide.mcu.externaltools.gnu-tools-for-stm32.13.3.rel1.macos64_1.0.0.202411102158/tools/bin/../lib/gcc/arm-none-eabi/13.3.1/../../../../arm-none-eabi/lib/thumb/v7e-m+fp/hard/libc_nano.a(libc_a-reallocr.o)
                0x0800970a                _realloc_r
 .text.__ascii_wctomb
                0x08009766       0x1a /Applications/STM32CubeIDE.app/Contents/Eclipse/plugins/com.st.stm32cube.ide.mcu.externaltools.gnu-tools-for-stm32.13.3.rel1.macos64_1.0.0.202411102158/tools/bin/../lib/gcc/arm-none-eabi/13.3.1/../../../../arm-none-eabi/lib/thumb/v7e-m+fp/hard/libc_nano.a(libc_a-wctomb_r.o)
                0x08009766                __ascii_wctomb
 .text.memmove  0x08009780       0x34 /Applications/STM32CubeIDE.app/Contents/Eclipse/plugins/com.st.stm32cube.ide.mcu.externaltools.gnu-tools-for-stm32.13.3.rel1.macos64_1.0.0.202411102158/tools/bin/../lib/gcc/arm-none-eabi/13.3.1/../../../../arm-none-eabi/lib/thumb/v7e-m+fp/hard/libc_nano.a(libc_a-memmove.o)
                0x08009780                memmove
 .text._lseek_r
                0x080097b4       0x24 /Applications/STM32CubeIDE.app/Contents/Eclipse/plugins/com.st.stm32cube.ide.mcu.externaltools.gnu-tools-for-stm32.13.3.rel1.macos64_1.0.0.202411102158/tools/bin/../lib/gcc/arm-none-eabi/13.3.1/../../../../arm-none-eabi/lib/thumb/v7e-m+fp/hard/libc_nano.a(libc_a-lseekr.o)
                0x080097b4                _lseek_r
 .text._read_r  0x080097d8       0x24 /Applications/STM32CubeIDE.app/Contents/Eclipse/plugins/com.st.stm32cube.ide.mcu.externaltools.gnu-tools-for-stm32.13.3.rel1.macos64_1.0.0.202411102158/tools/bin/../lib/gcc/arm-none-eabi/13.3.1/../../../../arm-none-eabi/lib/thumb/v7e-m+fp/hard/libc_nano.a(libc_a-readr.o)
                0x080097d8                _read_r
 .text._sbrk_r  0x080097fc       0x20 /Applications/STM32CubeIDE.app/Contents/Eclipse/plugins/com.st.stm32cube.ide.mcu.externaltools.gnu-tools-for-stm32.13.3.rel1.macos64_1.0.0.202411102158/tools/bin/../lib/gcc/arm-none-eabi/13.3.1/../../../../arm-none-eabi/lib/thumb/v7e-m+fp/hard/libc_nano.a(libc_a-sbrkr.o)
                0x080097fc                _sbrk_r
 .text._write_r
                0x0800981c       0x24 /Applications/STM32CubeIDE.app/Contents/Eclipse/plugins/com.st.stm32cube.ide.mcu.externaltools.gnu-tools-for-stm32.13.3.rel1.macos64_1.0.0.202411102158/tools/bin/../lib/gcc/arm-none-eabi/13.3.1/../../../../arm-none-eabi/lib/thumb/v7e-m+fp/hard/libc_nano.a(libc_a-writer.o)
                0x0800981c                _write_r
 .text._close_r
                0x08009840       0x20 /Applications/STM32CubeIDE.app/Contents/Eclipse/plugins/com.st.stm32cube.ide.mcu.externaltools.gnu-tools-for-stm32.13.3.rel1.macos64_1.0.0.202411102158/tools/bin/../lib/gcc/arm-none-eabi/13.3.1/../../../../arm-none-eabi/lib/thumb/v7e-m+fp/hard/libc_nano.a(libc_a-closer.o)
                0x08009840                _close_r
 .text.__assert_func
                0x08009860       0x3c /Applications/STM32CubeIDE.app/Contents/Eclipse/plugins/com.st.stm32cube.ide.mcu.externaltools.gnu-tools-for-stm32.13.3.rel1.macos64_1.0.0.202411102158/tools/bin/../lib/gcc/arm-none-eabi/13.3.1/../../../../arm-none-eabi/lib/thumb/v7e-m+fp/hard/libc_nano.a(libc_a-assert.o)
                0x08009860                __assert_func
 .text._calloc_r
                0x0800989c       0x28 /Applications/STM32CubeIDE.app/Contents/Eclipse/plugins/com.st.stm32cube.ide.mcu.externaltools.gnu-tools-for-stm32.13.3.rel1.macos64_1.0.0.202411102158/tools/bin/../lib/gcc/arm-none-eabi/13.3.1/../../../../arm-none-eabi/lib/thumb/v7e-m+fp/hard/libc_nano.a(libc_a-callocr.o)
                0x0800989c                _calloc_r
 .text._free_r  0x080098c4       0x94 /Applications/STM32CubeIDE.app/Contents/Eclipse/plugins/com.st.stm32cube.ide.mcu.externaltools.gnu-tools-for-stm32.13.3.rel1.macos64_1.0.0.202411102158/tools/bin/../lib/gcc/arm-none-eabi/13.3.1/../../../../arm-none-eabi/lib/thumb/v7e-m+fp/hard/libc_nano.a(libc_a-freer.o)
                0x080098c4                _free_r
 .text.malloc   0x08009958       0x10 /Applications/STM32CubeIDE.app/Contents/Eclipse/plugins/com.st.stm32cube.ide.mcu.externaltools.gnu-tools-for-stm32.13.3.rel1.macos64_1.0.0.202411102158/tools/bin/../lib/gcc/arm-none-eabi/13.3.1/../../../../arm-none-eabi/lib/thumb/v7e-m+fp/hard/libc_nano.a(libc_a-malloc.o)
                0x08009958                malloc
 .text._malloc_usable_size_r
                0x08009968       0x10 /Applications/STM32CubeIDE.app/Contents/Eclipse/plugins/com.st.stm32cube.ide.mcu.externaltools.gnu-tools-for-stm32.13.3.rel1.macos64_1.0.0.202411102158/tools/bin/../lib/gcc/arm-none-eabi/13.3.1/../../../../arm-none-eabi/lib/thumb/v7e-m+fp/hard/libc_nano.a(libc_a-msizer.o)
                0x08009968                _malloc_usable_size_r
 .text.fprintf  0x08009978       0x24 /Applications/STM32CubeIDE.app/Contents/Eclipse/plugins/com.st.stm32cube.ide.mcu.externaltools.gnu-tools-for-stm32.13.3.rel1.macos64_1.0.0.202411102158/tools/bin/../lib/gcc/arm-none-eabi/13.3.1/../../../../arm-none-eabi/lib/thumb/v7e-m+fp/hard/libc_nano.a(libc_a-fprintf.o)
                0x08009978                fprintf
                0x08009978                fiprintf
 .text.abort    0x0800999c        0xe /Applications/STM32CubeIDE.app/Contents/Eclipse/plugins/com.st.stm32cube.ide.mcu.externaltools.gnu-tools-for-stm32.13.3.rel1.macos64_1.0.0.202411102158/tools/bin/../lib/gcc/arm-none-eabi/13.3.1/../../../../arm-none-eabi/lib/thumb/v7e-m+fp/hard/libc_nano.a(libc_a-abort.o)
                0x0800999c                abort
 .text.__sfputc_r
                0x080099aa       0x2e /Applications/STM32CubeIDE.app/Contents/Eclipse/plugins/com.st.stm32cube.ide.mcu.externaltools.gnu-tools-for-stm32.13.3.rel1.macos64_1.0.0.202411102158/tools/bin/../lib/gcc/arm-none-eabi/13.3.1/../../../../arm-none-eabi/lib/thumb/v7e-m+fp/hard/libc_nano.a(libc_a-nano-vfprintf.o)
 .text.__sfputs_r
                0x080099d8       0x24 /Applications/STM32CubeIDE.app/Contents/Eclipse/plugins/com.st.stm32cube.ide.mcu.externaltools.gnu-tools-for-stm32.13.3.rel1.macos64_1.0.0.202411102158/tools/bin/../lib/gcc/arm-none-eabi/13.3.1/../../../../arm-none-eabi/lib/thumb/v7e-m+fp/hard/libc_nano.a(libc_a-nano-vfprintf.o)
                0x080099d8                __sfputs_r
 .text._vfprintf_r
                0x080099fc      0x230 /Applications/STM32CubeIDE.app/Contents/Eclipse/plugins/com.st.stm32cube.ide.mcu.externaltools.gnu-tools-for-stm32.13.3.rel1.macos64_1.0.0.202411102158/tools/bin/../lib/gcc/arm-none-eabi/13.3.1/../../../../arm-none-eabi/lib/thumb/v7e-m+fp/hard/libc_nano.a(libc_a-nano-vfprintf.o)
                0x080099fc                _vfiprintf_r
                0x080099fc                _vfprintf_r
 .text.__swbuf_r
                0x08009c2c       0x7c /Applications/STM32CubeIDE.app/Contents/Eclipse/plugins/com.st.stm32cube.ide.mcu.externaltools.gnu-tools-for-stm32.13.3.rel1.macos64_1.0.0.202411102158/tools/bin/../lib/gcc/arm-none-eabi/13.3.1/../../../../arm-none-eabi/lib/thumb/v7e-m+fp/hard/libc_nano.a(libc_a-wbuf.o)
                0x08009c2c                __swbuf_r
 .text.__swsetup_r
                0x08009ca8       0xac /Applications/STM32CubeIDE.app/Contents/Eclipse/plugins/com.st.stm32cube.ide.mcu.externaltools.gnu-tools-for-stm32.13.3.rel1.macos64_1.0.0.202411102158/tools/bin/../lib/gcc/arm-none-eabi/13.3.1/../../../../arm-none-eabi/lib/thumb/v7e-m+fp/hard/libc_nano.a(libc_a-wsetup.o)
                0x08009ca8                __swsetup_r
 .text.__swhatbuf_r
                0x08009d54       0x4c /Applications/STM32CubeIDE.app/Contents/Eclipse/plugins/com.st.stm32cube.ide.mcu.externaltools.gnu-tools-for-stm32.13.3.rel1.macos64_1.0.0.202411102158/tools/bin/../lib/gcc/arm-none-eabi/13.3.1/../../../../arm-none-eabi/lib/thumb/v7e-m+fp/hard/libc_nano.a(libc_a-makebuf.o)
                0x08009d54                __swhatbuf_r
 .text.__smakebuf_r
                0x08009da0       0x78 /Applications/STM32CubeIDE.app/Contents/Eclipse/plugins/com.st.stm32cube.ide.mcu.externaltools.gnu-tools-for-stm32.13.3.rel1.macos64_1.0.0.202411102158/tools/bin/../lib/gcc/arm-none-eabi/13.3.1/../../../../arm-none-eabi/lib/thumb/v7e-m+fp/hard/libc_nano.a(libc_a-makebuf.o)
                0x08009da0                __smakebuf_r
 .text._raise_r
                0x08009e18       0x50 /Applications/STM32CubeIDE.app/Contents/Eclipse/plugins/com.st.stm32cube.ide.mcu.externaltools.gnu-tools-for-stm32.13.3.rel1.macos64_1.0.0.202411102158/tools/bin/../lib/gcc/arm-none-eabi/13.3.1/../../../../arm-none-eabi/lib/thumb/v7e-m+fp/hard/libc_nano.a(libc_a-signal.o)
                0x08009e18                _raise_r
 .text.raise    0x08009e68       0x10 /Applications/STM32CubeIDE.app/Contents/Eclipse/plugins/com.st.stm32cube.ide.mcu.externaltools.gnu-tools-for-stm32.13.3.rel1.macos64_1.0.0.202411102158/tools/bin/../lib/gcc/arm-none-eabi/13.3.1/../../../../arm-none-eabi/lib/thumb/v7e-m+fp/hard/libc_nano.a(libc_a-signal.o)
                0x08009e68                raise
 .text._isatty_r
                0x08009e78       0x20 /Applications/STM32CubeIDE.app/Contents/Eclipse/plugins/com.st.stm32cube.ide.mcu.externaltools.gnu-tools-for-stm32.13.3.rel1.macos64_1.0.0.202411102158/tools/bin/../lib/gcc/arm-none-eabi/13.3.1/../../../../arm-none-eabi/lib/thumb/v7e-m+fp/hard/libc_nano.a(libc_a-isattyr.o)
                0x08009e78                _isatty_r
 .text._kill_r  0x08009e98       0x24 /Applications/STM32CubeIDE.app/Contents/Eclipse/plugins/com.st.stm32cube.ide.mcu.externaltools.gnu-tools-for-stm32.13.3.rel1.macos64_1.0.0.202411102158/tools/bin/../lib/gcc/arm-none-eabi/13.3.1/../../../../arm-none-eabi/lib/thumb/v7e-m+fp/hard/libc_nano.a(libc_a-signalr.o)
                0x08009e98                _kill_r
 .text._getpid_r
                0x08009ebc        0x4 /Applications/STM32CubeIDE.app/Contents/Eclipse/plugins/com.st.stm32cube.ide.mcu.externaltools.gnu-tools-for-stm32.13.3.rel1.macos64_1.0.0.202411102158/tools/bin/../lib/gcc/arm-none-eabi/13.3.1/../../../../arm-none-eabi/lib/thumb/v7e-m+fp/hard/libc_nano.a(libc_a-signalr.o)
                0x08009ebc                _getpid_r
 .text._fstat_r
                0x08009ec0       0x24 /Applications/STM32CubeIDE.app/Contents/Eclipse/plugins/com.st.stm32cube.ide.mcu.externaltools.gnu-tools-for-stm32.13.3.rel1.macos64_1.0.0.202411102158/tools/bin/../lib/gcc/arm-none-eabi/13.3.1/../../../../arm-none-eabi/lib/thumb/v7e-m+fp/hard/libc_nano.a(libc_a-fstatr.o)
                0x08009ec0                _fstat_r
 *(.glue_7)
 .glue_7        0x08009ee4        0x0 linker stubs
 *(.glue_7t)
 .glue_7t       0x08009ee4        0x0 linker stubs
 *(.eh_frame)
 .eh_frame      0x08009ee4        0x0 /Applications/STM32CubeIDE.app/Contents/Eclipse/plugins/com.st.stm32cube.ide.mcu.externaltools.gnu-tools-for-stm32.13.3.rel1.macos64_1.0.0.202411102158/tools/bin/../lib/gcc/arm-none-eabi/13.3.1/thumb/v7e-m+fp/hard/crtbegin.o
 *(.init)
 .init          0x08009ee4        0x4 /Applications/STM32CubeIDE.app/Contents/Eclipse/plugins/com.st.stm32cube.ide.mcu.externaltools.gnu-tools-for-stm32.13.3.rel1.macos64_1.0.0.202411102158/tools/bin/../lib/gcc/arm-none-eabi/13.3.1/thumb/v7e-m+fp/hard/crti.o
                0x08009ee4                _init
 .init          0x08009ee8        0x8 /Applications/STM32CubeIDE.app/Contents/Eclipse/plugins/com.st.stm32cube.ide.mcu.externaltools.gnu-tools-for-stm32.13.3.rel1.macos64_1.0.0.202411102158/tools/bin/../lib/gcc/arm-none-eabi/13.3.1/thumb/v7e-m+fp/hard/crtn.o
 *(.fini)
 .fini          0x08009ef0        0x4 /Applications/STM32CubeIDE.app/Contents/Eclipse/plugins/com.st.stm32cube.ide.mcu.externaltools.gnu-tools-for-stm32.13.3.rel1.macos64_1.0.0.202411102158/tools/bin/../lib/gcc/arm-none-eabi/13.3.1/thumb/v7e-m+fp/hard/crti.o
                0x08009ef0                _fini
 .fini          0x08009ef4        0x8 /Applications/STM32CubeIDE.app/Contents/Eclipse/plugins/com.st.stm32cube.ide.mcu.externaltools.gnu-tools-for-stm32.13.3.rel1.macos64_1.0.0.202411102158/tools/bin/../lib/gcc/arm-none-eabi/13.3.1/thumb/v7e-m+fp/hard/crtn.o
                0x08009efc                        . = ALIGN (0x4)
                0x08009efc                        _etext = .

.vfp11_veneer   0x08009efc        0x0
 .vfp11_veneer  0x08009efc        0x0 linker stubs

.v4_bx          0x08009efc        0x0
 .v4_bx         0x08009efc        0x0 linker stubs

.iplt           0x08009efc        0x0
 .iplt          0x08009efc        0x0 /Applications/STM32CubeIDE.app/Contents/Eclipse/plugins/com.st.stm32cube.ide.mcu.externaltools.gnu-tools-for-stm32.13.3.rel1.macos64_1.0.0.202411102158/tools/bin/../lib/gcc/arm-none-eabi/13.3.1/thumb/v7e-m+fp/hard/crtbegin.o

.rodata         0x08009f00      0x448
                0x08009f00                        . = ALIGN (0x4)
 *(.rodata)
 .rodata        0x08009f00       0x69 ./Core/Src/main.o
 *(.rodata*)
 *fill*         0x08009f69        0x3 
 .rodata.AHBPrescTable
                0x08009f6c       0x10 ./Core/Src/system_stm32f4xx.o
                0x08009f6c                AHBPrescTable
 .rodata.APBPrescTable
                0x08009f7c        0x8 ./Core/Src/system_stm32f4xx.o
                0x08009f7c                APBPrescTable
 .rodata.flagBitshiftOffset.0
                0x08009f84        0x8 ./Drivers/STM32F4xx_HAL_Driver/Src/stm32f4xx_hal_dma.o
 .rodata._strtod_l.str1.1
                0x08009f8c      0x166 /Applications/STM32CubeIDE.app/Contents/Eclipse/plugins/com.st.stm32cube.ide.mcu.externaltools.gnu-tools-for-stm32.13.3.rel1.macos64_1.0.0.202411102158/tools/bin/../lib/gcc/arm-none-eabi/13.3.1/../../../../arm-none-eabi/lib/thumb/v7e-m+fp/hard/libc_nano.a(libc_a-strtod.o)
                                  0xf (size before relaxing)
 *fill*         0x0800a0f2        0x2 
 .rodata.fpinan.0
                0x0800a0f4       0x14 /Applications/STM32CubeIDE.app/Contents/Eclipse/plugins/com.st.stm32cube.ide.mcu.externaltools.gnu-tools-for-stm32.13.3.rel1.macos64_1.0.0.202411102158/tools/bin/../lib/gcc/arm-none-eabi/13.3.1/../../../../arm-none-eabi/lib/thumb/v7e-m+fp/hard/libc_nano.a(libc_a-strtod.o)
 .rodata.fpi.1  0x0800a108       0x14 /Applications/STM32CubeIDE.app/Contents/Eclipse/plugins/com.st.stm32cube.ide.mcu.externaltools.gnu-tools-for-stm32.13.3.rel1.macos64_1.0.0.202411102158/tools/bin/../lib/gcc/arm-none-eabi/13.3.1/../../../../arm-none-eabi/lib/thumb/v7e-m+fp/hard/libc_nano.a(libc_a-strtod.o)
 *fill*         0x0800a11c        0x4 
 .rodata.tinytens
                0x0800a120       0x28 /Applications/STM32CubeIDE.app/Contents/Eclipse/plugins/com.st.stm32cube.ide.mcu.externaltools.gnu-tools-for-stm32.13.3.rel1.macos64_1.0.0.202411102158/tools/bin/../lib/gcc/arm-none-eabi/13.3.1/../../../../arm-none-eabi/lib/thumb/v7e-m+fp/hard/libc_nano.a(libc_a-strtod.o)
 .rodata._setlocale_r.str1.1
                0x0800a148        0x9 /Applications/STM32CubeIDE.app/Contents/Eclipse/plugins/com.st.stm32cube.ide.mcu.externaltools.gnu-tools-for-stm32.13.3.rel1.macos64_1.0.0.202411102158/tools/bin/../lib/gcc/arm-none-eabi/13.3.1/../../../../arm-none-eabi/lib/thumb/v7e-m+fp/hard/libc_nano.a(libc_a-locale.o)
 .rodata.str1.1
                0x0800a148        0x2 /Applications/STM32CubeIDE.app/Contents/Eclipse/plugins/com.st.stm32cube.ide.mcu.externaltools.gnu-tools-for-stm32.13.3.rel1.macos64_1.0.0.202411102158/tools/bin/../lib/gcc/arm-none-eabi/13.3.1/../../../../arm-none-eabi/lib/thumb/v7e-m+fp/hard/libc_nano.a(libc_a-locale.o)
 .rodata._ctype_
                0x0800a148      0x101 /Applications/STM32CubeIDE.app/Contents/Eclipse/plugins/com.st.stm32cube.ide.mcu.externaltools.gnu-tools-for-stm32.13.3.rel1.macos64_1.0.0.202411102158/tools/bin/../lib/gcc/arm-none-eabi/13.3.1/../../../../arm-none-eabi/lib/thumb/v7e-m+fp/hard/libc_nano.a(libc_a-ctype_.o)
                0x0800a148                _ctype_
 .rodata.__gethex.str1.1
                0x0800a249       0x73 /Applications/STM32CubeIDE.app/Contents/Eclipse/plugins/com.st.stm32cube.ide.mcu.externaltools.gnu-tools-for-stm32.13.3.rel1.macos64_1.0.0.202411102158/tools/bin/../lib/gcc/arm-none-eabi/13.3.1/../../../../arm-none-eabi/lib/thumb/v7e-m+fp/hard/libc_nano.a(libc_a-gdtoa-gethex.o)
 .rodata._svfprintf_r.str1.1
                0x0800a249       0x11 /Applications/STM32CubeIDE.app/Contents/Eclipse/plugins/com.st.stm32cube.ide.mcu.externaltools.gnu-tools-for-stm32.13.3.rel1.macos64_1.0.0.202411102158/tools/bin/../lib/gcc/arm-none-eabi/13.3.1/../../../../arm-none-eabi/lib/thumb/v7e-m+fp/hard/libc_nano.a(libc_a-nano-svfprintf.o)
 .rodata._printf_i.str1.1
                0x0800a249       0x22 /Applications/STM32CubeIDE.app/Contents/Eclipse/plugins/com.st.stm32cube.ide.mcu.externaltools.gnu-tools-for-stm32.13.3.rel1.macos64_1.0.0.202411102158/tools/bin/../lib/gcc/arm-none-eabi/13.3.1/../../../../arm-none-eabi/lib/thumb/v7e-m+fp/hard/libc_nano.a(libc_a-nano-vfprintf_i.o)
 .rodata._Balloc.str1.1
                0x0800a249       0x70 /Applications/STM32CubeIDE.app/Contents/Eclipse/plugins/com.st.stm32cube.ide.mcu.externaltools.gnu-tools-for-stm32.13.3.rel1.macos64_1.0.0.202411102158/tools/bin/../lib/gcc/arm-none-eabi/13.3.1/../../../../arm-none-eabi/lib/thumb/v7e-m+fp/hard/libc_nano.a(libc_a-mprec.o)
 .rodata.__multadd.str1.1
                0x0800a249       0x11 /Applications/STM32CubeIDE.app/Contents/Eclipse/plugins/com.st.stm32cube.ide.mcu.externaltools.gnu-tools-for-stm32.13.3.rel1.macos64_1.0.0.202411102158/tools/bin/../lib/gcc/arm-none-eabi/13.3.1/../../../../arm-none-eabi/lib/thumb/v7e-m+fp/hard/libc_nano.a(libc_a-mprec.o)
 *fill*         0x0800a249        0x3 
 .rodata.p05.0  0x0800a24c        0xc /Applications/STM32CubeIDE.app/Contents/Eclipse/plugins/com.st.stm32cube.ide.mcu.externaltools.gnu-tools-for-stm32.13.3.rel1.macos64_1.0.0.202411102158/tools/bin/../lib/gcc/arm-none-eabi/13.3.1/../../../../arm-none-eabi/lib/thumb/v7e-m+fp/hard/libc_nano.a(libc_a-mprec.o)
 .rodata.__mprec_bigtens
                0x0800a258       0x28 /Applications/STM32CubeIDE.app/Contents/Eclipse/plugins/com.st.stm32cube.ide.mcu.externaltools.gnu-tools-for-stm32.13.3.rel1.macos64_1.0.0.202411102158/tools/bin/../lib/gcc/arm-none-eabi/13.3.1/../../../../arm-none-eabi/lib/thumb/v7e-m+fp/hard/libc_nano.a(libc_a-mprec.o)
                0x0800a258                __mprec_bigtens
 .rodata.__mprec_tens
                0x0800a280       0xc8 /Applications/STM32CubeIDE.app/Contents/Eclipse/plugins/com.st.stm32cube.ide.mcu.externaltools.gnu-tools-for-stm32.13.3.rel1.macos64_1.0.0.202411102158/tools/bin/../lib/gcc/arm-none-eabi/13.3.1/../../../../arm-none-eabi/lib/thumb/v7e-m+fp/hard/libc_nano.a(libc_a-mprec.o)
                0x0800a280                __mprec_tens
 .rodata.__assert_func.str1.1
                0x0800a348       0x3d /Applications/STM32CubeIDE.app/Contents/Eclipse/plugins/com.st.stm32cube.ide.mcu.externaltools.gnu-tools-for-stm32.13.3.rel1.macos64_1.0.0.202411102158/tools/bin/../lib/gcc/arm-none-eabi/13.3.1/../../../../arm-none-eabi/lib/thumb/v7e-m+fp/hard/libc_nano.a(libc_a-assert.o)
 .rodata._vfprintf_r.str1.1
                0x0800a348       0x11 /Applications/STM32CubeIDE.app/Contents/Eclipse/plugins/com.st.stm32cube.ide.mcu.externaltools.gnu-tools-for-stm32.13.3.rel1.macos64_1.0.0.202411102158/tools/bin/../lib/gcc/arm-none-eabi/13.3.1/../../../../arm-none-eabi/lib/thumb/v7e-m+fp/hard/libc_nano.a(libc_a-nano-vfprintf.o)
                0x0800a388                        . = ALIGN (0x4)

.ARM.extab      0x0800a348        0x0
                0x0800a348                        . = ALIGN (0x4)
 *(.ARM.extab* .gnu.linkonce.armextab.*)
                0x0800a348                        . = ALIGN (0x4)

.ARM            0x0800a348        0x8
                0x0800a348                        . = ALIGN (0x4)
                0x0800a348                        __exidx_start = .
 *(.ARM.exidx*)
 .ARM.exidx     0x0800a348        0x8 /Applications/STM32CubeIDE.app/Contents/Eclipse/plugins/com.st.stm32cube.ide.mcu.externaltools.gnu-tools-for-stm32.13.3.rel1.macos64_1.0.0.202411102158/tools/bin/../lib/gcc/arm-none-eabi/13.3.1/../../../../arm-none-eabi/lib/thumb/v7e-m+fp/hard/libc_nano.a(libc_a-strcmp.o)
 .ARM.exidx     0x0800a350        0x0 /Applications/STM32CubeIDE.app/Contents/Eclipse/plugins/com.st.stm32cube.ide.mcu.externaltools.gnu-tools-for-stm32.13.3.rel1.macos64_1.0.0.202411102158/tools/bin/../lib/gcc/arm-none-eabi/13.3.1/../../../../arm-none-eabi/lib/thumb/v7e-m+fp/hard/libc_nano.a(libc_a-strlen.o)
                                  0x8 (size before relaxing)
 .ARM.exidx     0x0800a350        0x0 /Applications/STM32CubeIDE.app/Contents/Eclipse/plugins/com.st.stm32cube.ide.mcu.externaltools.gnu-tools-for-stm32.13.3.rel1.macos64_1.0.0.202411102158/tools/bin/../lib/gcc/arm-none-eabi/13.3.1/../../../../arm-none-eabi/lib/thumb/v7e-m+fp/hard/libc_nano.a(libc_a-memchr.o)
                                  0x8 (size before relaxing)
 .ARM.exidx     0x0800a350        0x0 /Applications/STM32CubeIDE.app/Contents/Eclipse/plugins/com.st.stm32cube.ide.mcu.externaltools.gnu-tools-for-stm32.13.3.rel1.macos64_1.0.0.202411102158/tools/bin/../lib/gcc/arm-none-eabi/13.3.1/thumb/v7e-m+fp/hard/libgcc.a(_udivmoddi4.o)
                                  0x8 (size before relaxing)
                0x0800a350                        __exidx_end = .
                0x0800a350                        . = ALIGN (0x4)

.preinit_array  0x0800a350        0x0
                0x0800a350                        . = ALIGN (0x4)
                0x0800a350                        PROVIDE (__preinit_array_start = .)
 *(.preinit_array*)
                0x0800a350                        PROVIDE (__preinit_array_end = .)
                0x0800a350                        . = ALIGN (0x4)

.init_array     0x0800a350        0x4
                0x0800a350                        . = ALIGN (0x4)
                0x0800a350                        PROVIDE (__init_array_start = .)
 *(SORT_BY_NAME(.init_array.*))
 *(.init_array*)
 .init_array    0x0800a350        0x4 /Applications/STM32CubeIDE.app/Contents/Eclipse/plugins/com.st.stm32cube.ide.mcu.externaltools.gnu-tools-for-stm32.13.3.rel1.macos64_1.0.0.202411102158/tools/bin/../lib/gcc/arm-none-eabi/13.3.1/thumb/v7e-m+fp/hard/crtbegin.o
                0x0800a354                        PROVIDE (__init_array_end = .)
                0x0800a354                        . = ALIGN (0x4)

.fini_array     0x0800a354        0x4
                0x0800a354                        . = ALIGN (0x4)
                [!provide]                        PROVIDE (__fini_array_start = .)
 *(SORT_BY_NAME(.fini_array.*))
 *(.fini_array*)
 .fini_array    0x0800a354        0x4 /Applications/STM32CubeIDE.app/Contents/Eclipse/plugins/com.st.stm32cube.ide.mcu.externaltools.gnu-tools-for-stm32.13.3.rel1.macos64_1.0.0.202411102158/tools/bin/../lib/gcc/arm-none-eabi/13.3.1/thumb/v7e-m+fp/hard/crtbegin.o
                [!provide]                        PROVIDE (__fini_array_end = .)
                0x0800a358                        . = ALIGN (0x4)
                0x0800a358                        _sidata = LOADADDR (.data)

.rel.dyn        0x0800a358        0x0
 .rel.iplt      0x0800a358        0x0 /Applications/STM32CubeIDE.app/Contents/Eclipse/plugins/com.st.stm32cube.ide.mcu.externaltools.gnu-tools-for-stm32.13.3.rel1.macos64_1.0.0.202411102158/tools/bin/../lib/gcc/arm-none-eabi/13.3.1/thumb/v7e-m+fp/hard/crtbegin.o

.data           0x20000000      0x22c load address 0x0800a358
                0x20000000                        . = ALIGN (0x4)
                0x20000000                        _sdata = .
 *(.data)
 *(.data*)
 .data.sensorWeight
                0x20000000       0x20 ./Core/Src/main.o
                0x20000000                sensorWeight
 .data.thresh   0x20000020       0x20 ./Core/Src/main.o
                0x20000020                thresh
 .data.Kp       0x20000040        0x4 ./Core/Src/main.o
                0x20000040                Kp
 .data.Ki       0x20000044        0x4 ./Core/Src/main.o
                0x20000044                Ki
 .data.Kd       0x20000048        0x4 ./Core/Src/main.o
                0x20000048                Kd
 .data.setpoint
                0x2000004c        0x4 ./Core/Src/main.o
                0x2000004c                setpoint
 .data.base_speed
                0x20000050        0x8 ./Core/Src/main.o
                0x20000050                base_speed
 .data.SystemCoreClock
                0x20000058        0x4 ./Core/Src/system_stm32f4xx.o
                0x20000058                SystemCoreClock
 .data.uwTickPrio
                0x2000005c        0x4 ./Drivers/STM32F4xx_HAL_Driver/Src/stm32f4xx_hal.o
                0x2000005c                uwTickPrio
 .data.uwTickFreq
                0x20000060        0x1 ./Drivers/STM32F4xx_HAL_Driver/Src/stm32f4xx_hal.o
                0x20000060                uwTickFreq
 *fill*         0x20000061        0x3 
 .data.__sglue  0x20000064        0xc /Applications/STM32CubeIDE.app/Contents/Eclipse/plugins/com.st.stm32cube.ide.mcu.externaltools.gnu-tools-for-stm32.13.3.rel1.macos64_1.0.0.202411102158/tools/bin/../lib/gcc/arm-none-eabi/13.3.1/../../../../arm-none-eabi/lib/thumb/v7e-m+fp/hard/libc_nano.a(libc_a-findfp.o)
                0x20000064                __sglue
 .data.__global_locale
                0x20000070      0x16c /Applications/STM32CubeIDE.app/Contents/Eclipse/plugins/com.st.stm32cube.ide.mcu.externaltools.gnu-tools-for-stm32.13.3.rel1.macos64_1.0.0.202411102158/tools/bin/../lib/gcc/arm-none-eabi/13.3.1/../../../../arm-none-eabi/lib/thumb/v7e-m+fp/hard/libc_nano.a(libc_a-locale.o)
                0x20000070                __global_locale
 .data._impure_ptr
                0x200001dc        0x4 /Applications/STM32CubeIDE.app/Contents/Eclipse/plugins/com.st.stm32cube.ide.mcu.externaltools.gnu-tools-for-stm32.13.3.rel1.macos64_1.0.0.202411102158/tools/bin/../lib/gcc/arm-none-eabi/13.3.1/../../../../arm-none-eabi/lib/thumb/v7e-m+fp/hard/libc_nano.a(libc_a-impure.o)
                0x200001dc                _impure_ptr
 .data._impure_data
                0x200001e0       0x4c /Applications/STM32CubeIDE.app/Contents/Eclipse/plugins/com.st.stm32cube.ide.mcu.externaltools.gnu-tools-for-stm32.13.3.rel1.macos64_1.0.0.202411102158/tools/bin/../lib/gcc/arm-none-eabi/13.3.1/../../../../arm-none-eabi/lib/thumb/v7e-m+fp/hard/libc_nano.a(libc_a-impure.o)
                0x200001e0                _impure_data
 *(.RamFunc)
 *(.RamFunc*)
                0x2000022c                        . = ALIGN (0x4)
                0x2000022c                        _edata = .

.igot.plt       0x2000022c        0x0 load address 0x0800a584
 .igot.plt      0x2000022c        0x0 /Applications/STM32CubeIDE.app/Contents/Eclipse/plugins/com.st.stm32cube.ide.mcu.externaltools.gnu-tools-for-stm32.13.3.rel1.macos64_1.0.0.202411102158/tools/bin/../lib/gcc/arm-none-eabi/13.3.1/thumb/v7e-m+fp/hard/crtbegin.o
                0x2000022c                        . = ALIGN (0x4)

.bss            0x20000230      0x478 load address 0x0800a584
                0x20000230                        _sbss = .
                0x20000230                        __bss_start__ = _sbss
 *(.bss)
 .bss           0x20000230       0x1c /Applications/STM32CubeIDE.app/Contents/Eclipse/plugins/com.st.stm32cube.ide.mcu.externaltools.gnu-tools-for-stm32.13.3.rel1.macos64_1.0.0.202411102158/tools/bin/../lib/gcc/arm-none-eabi/13.3.1/thumb/v7e-m+fp/hard/crtbegin.o
 *(.bss*)
 .bss.hadc1     0x2000024c       0x48 ./Core/Src/main.o
                0x2000024c                hadc1
 .bss.hdma_adc1
                0x20000294       0x60 ./Core/Src/main.o
                0x20000294                hdma_adc1
 .bss.htim1     0x200002f4       0x48 ./Core/Src/main.o
                0x200002f4                htim1
 .bss.htim2     0x2000033c       0x48 ./Core/Src/main.o
                0x2000033c                htim2
 .bss.htim3     0x20000384       0x48 ./Core/Src/main.o
                0x20000384                htim3
 .bss.huart6    0x200003cc       0x48 ./Core/Src/main.o
                0x200003cc                huart6
 .bss.hdma_usart6_rx
                0x20000414       0x60 ./Core/Src/main.o
                0x20000414                hdma_usart6_rx
 .bss.adc_buffer
                0x20000474       0x20 ./Core/Src/main.o
                0x20000474                adc_buffer
 .bss.minValues
                0x20000494       0x20 ./Core/Src/main.o
                0x20000494                minValues
 .bss.maxValues
                0x200004b4       0x20 ./Core/Src/main.o
                0x200004b4                maxValues
 .bss.position  0x200004d4        0x4 ./Core/Src/main.o
                0x200004d4                position
 .bss.error     0x200004d8        0x8 ./Core/Src/main.o
                0x200004d8                error
 .bss.P         0x200004e0        0x8 ./Core/Src/main.o
                0x200004e0                P
 .bss.I         0x200004e8        0x8 ./Core/Src/main.o
                0x200004e8                I
 .bss.D         0x200004f0        0x8 ./Core/Src/main.o
                0x200004f0                D
 .bss.lastInput
                0x200004f8        0x8 ./Core/Src/main.o
                0x200004f8                lastInput
 .bss.lastTime  0x20000500        0x4 ./Core/Src/main.o
                0x20000500                lastTime
 *fill*         0x20000504        0x4 
 .bss.correction
                0x20000508        0x8 ./Core/Src/main.o
                0x20000508                correction
 .bss.turn      0x20000510        0x4 ./Core/Src/main.o
                0x20000510                turn
 .bss.rx_buffer
                0x20000514       0x10 ./Core/Src/main.o
                0x20000514                rx_buffer
 .bss.main_buffer
                0x20000524       0x10 ./Core/Src/main.o
                0x20000524                main_buffer
 .bss.__sbrk_heap_end
                0x20000534        0x4 ./Core/Src/sysmem.o
 .bss.uwTick    0x20000538        0x4 ./Drivers/STM32F4xx_HAL_Driver/Src/stm32f4xx_hal.o
                0x20000538                uwTick
 .bss.pFlash    0x2000053c       0x20 ./Drivers/STM32F4xx_HAL_Driver/Src/stm32f4xx_hal_flash.o
                0x2000053c                pFlash
 .bss.__sf      0x2000055c      0x138 /Applications/STM32CubeIDE.app/Contents/Eclipse/plugins/com.st.stm32cube.ide.mcu.externaltools.gnu-tools-for-stm32.13.3.rel1.macos64_1.0.0.202411102158/tools/bin/../lib/gcc/arm-none-eabi/13.3.1/../../../../arm-none-eabi/lib/thumb/v7e-m+fp/hard/libc_nano.a(libc_a-findfp.o)
                0x2000055c                __sf
 .bss.__stdio_exit_handler
                0x20000694        0x4 /Applications/STM32CubeIDE.app/Contents/Eclipse/plugins/com.st.stm32cube.ide.mcu.externaltools.gnu-tools-for-stm32.13.3.rel1.macos64_1.0.0.202411102158/tools/bin/../lib/gcc/arm-none-eabi/13.3.1/../../../../arm-none-eabi/lib/thumb/v7e-m+fp/hard/libc_nano.a(libc_a-findfp.o)
                0x20000694                __stdio_exit_handler
 .bss.__lock___malloc_recursive_mutex
                0x20000698        0x1 /Applications/STM32CubeIDE.app/Contents/Eclipse/plugins/com.st.stm32cube.ide.mcu.externaltools.gnu-tools-for-stm32.13.3.rel1.macos64_1.0.0.202411102158/tools/bin/../lib/gcc/arm-none-eabi/13.3.1/../../../../arm-none-eabi/lib/thumb/v7e-m+fp/hard/libc_nano.a(libc_a-lock.o)
                0x20000698                __lock___malloc_recursive_mutex
 .bss.__lock___sfp_recursive_mutex
                0x20000699        0x1 /Applications/STM32CubeIDE.app/Contents/Eclipse/plugins/com.st.stm32cube.ide.mcu.externaltools.gnu-tools-for-stm32.13.3.rel1.macos64_1.0.0.202411102158/tools/bin/../lib/gcc/arm-none-eabi/13.3.1/../../../../arm-none-eabi/lib/thumb/v7e-m+fp/hard/libc_nano.a(libc_a-lock.o)
                0x20000699                __lock___sfp_recursive_mutex
 *fill*         0x2000069a        0x2 
 .bss.__malloc_sbrk_start
                0x2000069c        0x4 /Applications/STM32CubeIDE.app/Contents/Eclipse/plugins/com.st.stm32cube.ide.mcu.externaltools.gnu-tools-for-stm32.13.3.rel1.macos64_1.0.0.202411102158/tools/bin/../lib/gcc/arm-none-eabi/13.3.1/../../../../arm-none-eabi/lib/thumb/v7e-m+fp/hard/libc_nano.a(libc_a-mallocr.o)
                0x2000069c                __malloc_sbrk_start
 .bss.__malloc_free_list
                0x200006a0        0x4 /Applications/STM32CubeIDE.app/Contents/Eclipse/plugins/com.st.stm32cube.ide.mcu.externaltools.gnu-tools-for-stm32.13.3.rel1.macos64_1.0.0.202411102158/tools/bin/../lib/gcc/arm-none-eabi/13.3.1/../../../../arm-none-eabi/lib/thumb/v7e-m+fp/hard/libc_nano.a(libc_a-mallocr.o)
                0x200006a0                __malloc_free_list
 .bss.errno     0x200006a4        0x4 /Applications/STM32CubeIDE.app/Contents/Eclipse/plugins/com.st.stm32cube.ide.mcu.externaltools.gnu-tools-for-stm32.13.3.rel1.macos64_1.0.0.202411102158/tools/bin/../lib/gcc/arm-none-eabi/13.3.1/../../../../arm-none-eabi/lib/thumb/v7e-m+fp/hard/libc_nano.a(libc_a-reent.o)
                0x200006a4                errno
 *(COMMON)
                0x200006a8                        . = ALIGN (0x4)
                0x200006a8                        _ebss = .
                0x200006a8                        __bss_end__ = _ebss

._user_heap_stack
                0x200006a8      0x600 load address 0x0800a584
                0x200006a8                        . = ALIGN (0x8)
                [!provide]                        PROVIDE (end = .)
                0x200006a8                        PROVIDE (_end = .)
                0x200008a8                        . = (. + _Min_Heap_Size)
 *fill*         0x200006a8      0x200 
                0x20000ca8                        . = (. + _Min_Stack_Size)
 *fill*         0x200008a8      0x400 
                0x20000ca8                        . = ALIGN (0x8)

/DISCARD/
 libc.a(*)
 libm.a(*)
 libgcc.a(*)

.ARM.attributes
                0x00000000       0x30
 *(.ARM.attributes)
 .ARM.attributes
                0x00000000       0x22 /Applications/STM32CubeIDE.app/Contents/Eclipse/plugins/com.st.stm32cube.ide.mcu.externaltools.gnu-tools-for-stm32.13.3.rel1.macos64_1.0.0.202411102158/tools/bin/../lib/gcc/arm-none-eabi/13.3.1/thumb/v7e-m+fp/hard/crti.o
 .ARM.attributes