../Core/Src/main.c:125:6:setMotorSpeed	24	static
../Core/Src/main.c:150:5:line_data	24	static
../Core/Src/main.c:171:6:computePID	32	static
../Core/Src/main.c:194:6:checkAndHandleTurn	8	static
../Core/Src/main.c:230:6:HAL_ADC_ConvCpltCallback	16	static
../Core/Src/main.c:237:6:callibrate	48	static
../Core/Src/main.c:281:6:setPIDParameter	80	static
../Core/Src/main.c:318:6:HAL_UARTEx_RxEventCallback	232	static
../Core/Src/main.c:370:6:printSensorState	48	static
../Core/Src/main.c:385:6:saveToFlash	48	static
../Core/Src/main.c:421:6:loadFromFlash	24	static
../Core/Src/main.c:451:5:main	16	static
../Core/Src/main.c:562:6:SystemClock_Config	88	static
../Core/Src/main.c:608:13:MX_NVIC_Init	8	static
../Core/Src/main.c:620:13:MX_ADC1_Init	24	static
../Core/Src/main.c:735:13:MX_TIM1_Init	80	static
../Core/Src/main.c:804:13:MX_TIM2_Init	48	static
../Core/Src/main.c:853:13:MX_TIM3_Init	48	static
../Core/Src/main.c:902:13:MX_USART6_UART_Init	8	static
../Core/Src/main.c:933:13:MX_DMA_Init	16	static
../Core/Src/main.c:954:13:MX_GPIO_Init	48	static
../Core/Src/main.c:998:6:Error_Handler	4	static,ignoring_inline_asm
